<?xml version="1.0" encoding="ISO-8859-1" ?>
<link_info>
   <banner>TMS320C2000 Linker PC v22.6.1.LTS</banner>
   <copyright>Copyright (c) 1996-2018 Texas Instruments Incorporated</copyright>
   <link_time>0x67457040</link_time>
   <link_errors>0x0</link_errors>
   <output_file>RDS50_APP_cpu2.out</output_file>
   <entry_point>
      <name>code_start</name>
      <address>0xe0000</address>
   </entry_point>
   <input_file_list>
      <input_file id="fl-2">
         <path>.\Drivers\f28p65x\driverlib\</path>
         <kind>object</kind>
         <file>adc.obj</file>
         <name>adc.obj</name>
      </input_file>
      <input_file id="fl-3">
         <path>.\Drivers\f28p65x\driverlib\</path>
         <kind>object</kind>
         <file>aes.obj</file>
         <name>aes.obj</name>
      </input_file>
      <input_file id="fl-4">
         <path>.\Drivers\f28p65x\driverlib\</path>
         <kind>object</kind>
         <file>asysctl.obj</file>
         <name>asysctl.obj</name>
      </input_file>
      <input_file id="fl-5">
         <path>.\Drivers\f28p65x\driverlib\</path>
         <kind>object</kind>
         <file>bgcrc.obj</file>
         <name>bgcrc.obj</name>
      </input_file>
      <input_file id="fl-6">
         <path>.\Drivers\f28p65x\driverlib\</path>
         <kind>object</kind>
         <file>can.obj</file>
         <name>can.obj</name>
      </input_file>
      <input_file id="fl-7">
         <path>.\Drivers\f28p65x\driverlib\</path>
         <kind>object</kind>
         <file>cla.obj</file>
         <name>cla.obj</name>
      </input_file>
      <input_file id="fl-8">
         <path>.\Drivers\f28p65x\driverlib\</path>
         <kind>object</kind>
         <file>clb.obj</file>
         <name>clb.obj</name>
      </input_file>
      <input_file id="fl-9">
         <path>.\Drivers\f28p65x\driverlib\</path>
         <kind>object</kind>
         <file>cmpss.obj</file>
         <name>cmpss.obj</name>
      </input_file>
      <input_file id="fl-a">
         <path>.\Drivers\f28p65x\driverlib\</path>
         <kind>object</kind>
         <file>cputimer.obj</file>
         <name>cputimer.obj</name>
      </input_file>
      <input_file id="fl-b">
         <path>.\Drivers\f28p65x\driverlib\</path>
         <kind>object</kind>
         <file>dac.obj</file>
         <name>dac.obj</name>
      </input_file>
      <input_file id="fl-c">
         <path>.\Drivers\f28p65x\driverlib\</path>
         <kind>object</kind>
         <file>dcc.obj</file>
         <name>dcc.obj</name>
      </input_file>
      <input_file id="fl-d">
         <path>.\Drivers\f28p65x\driverlib\</path>
         <kind>object</kind>
         <file>dcsm.obj</file>
         <name>dcsm.obj</name>
      </input_file>
      <input_file id="fl-e">
         <path>.\Drivers\f28p65x\driverlib\</path>
         <kind>object</kind>
         <file>dma.obj</file>
         <name>dma.obj</name>
      </input_file>
      <input_file id="fl-f">
         <path>.\Drivers\f28p65x\driverlib\</path>
         <kind>object</kind>
         <file>ecap.obj</file>
         <name>ecap.obj</name>
      </input_file>
      <input_file id="fl-10">
         <path>.\Drivers\f28p65x\driverlib\</path>
         <kind>object</kind>
         <file>emif.obj</file>
         <name>emif.obj</name>
      </input_file>
      <input_file id="fl-11">
         <path>.\Drivers\f28p65x\driverlib\</path>
         <kind>object</kind>
         <file>epg.obj</file>
         <name>epg.obj</name>
      </input_file>
      <input_file id="fl-12">
         <path>.\Drivers\f28p65x\driverlib\</path>
         <kind>object</kind>
         <file>epwm.obj</file>
         <name>epwm.obj</name>
      </input_file>
      <input_file id="fl-13">
         <path>.\Drivers\f28p65x\driverlib\</path>
         <kind>object</kind>
         <file>eqep.obj</file>
         <name>eqep.obj</name>
      </input_file>
      <input_file id="fl-14">
         <path>.\Drivers\f28p65x\driverlib\</path>
         <kind>object</kind>
         <file>erad.obj</file>
         <name>erad.obj</name>
      </input_file>
      <input_file id="fl-15">
         <path>.\Drivers\f28p65x\driverlib\</path>
         <kind>object</kind>
         <file>escss.obj</file>
         <name>escss.obj</name>
      </input_file>
      <input_file id="fl-16">
         <path>.\Drivers\f28p65x\driverlib\</path>
         <kind>object</kind>
         <file>flash.obj</file>
         <name>flash.obj</name>
      </input_file>
      <input_file id="fl-17">
         <path>.\Drivers\f28p65x\driverlib\</path>
         <kind>object</kind>
         <file>fsi.obj</file>
         <name>fsi.obj</name>
      </input_file>
      <input_file id="fl-18">
         <path>.\Drivers\f28p65x\driverlib\</path>
         <kind>object</kind>
         <file>gpio.obj</file>
         <name>gpio.obj</name>
      </input_file>
      <input_file id="fl-19">
         <path>.\Drivers\f28p65x\driverlib\</path>
         <kind>object</kind>
         <file>hrcap.obj</file>
         <name>hrcap.obj</name>
      </input_file>
      <input_file id="fl-1a">
         <path>.\Drivers\f28p65x\driverlib\</path>
         <kind>object</kind>
         <file>hrpwm.obj</file>
         <name>hrpwm.obj</name>
      </input_file>
      <input_file id="fl-1b">
         <path>.\Drivers\f28p65x\driverlib\</path>
         <kind>object</kind>
         <file>i2c.obj</file>
         <name>i2c.obj</name>
      </input_file>
      <input_file id="fl-1c">
         <path>.\Drivers\f28p65x\driverlib\</path>
         <kind>object</kind>
         <file>interrupt.obj</file>
         <name>interrupt.obj</name>
      </input_file>
      <input_file id="fl-1d">
         <path>.\Drivers\f28p65x\driverlib\</path>
         <kind>object</kind>
         <file>ipc.obj</file>
         <name>ipc.obj</name>
      </input_file>
      <input_file id="fl-1e">
         <path>.\Drivers\f28p65x\driverlib\</path>
         <kind>object</kind>
         <file>lcm.obj</file>
         <name>lcm.obj</name>
      </input_file>
      <input_file id="fl-1f">
         <path>.\Drivers\f28p65x\driverlib\</path>
         <kind>object</kind>
         <file>lin.obj</file>
         <name>lin.obj</name>
      </input_file>
      <input_file id="fl-20">
         <path>.\Drivers\f28p65x\driverlib\</path>
         <kind>object</kind>
         <file>mcan.obj</file>
         <name>mcan.obj</name>
      </input_file>
      <input_file id="fl-21">
         <path>.\Drivers\f28p65x\driverlib\</path>
         <kind>object</kind>
         <file>memcfg.obj</file>
         <name>memcfg.obj</name>
      </input_file>
      <input_file id="fl-22">
         <path>.\Drivers\f28p65x\driverlib\</path>
         <kind>object</kind>
         <file>pmbus.obj</file>
         <name>pmbus.obj</name>
      </input_file>
      <input_file id="fl-23">
         <path>.\Drivers\f28p65x\driverlib\</path>
         <kind>object</kind>
         <file>sci.obj</file>
         <name>sci.obj</name>
      </input_file>
      <input_file id="fl-24">
         <path>.\Drivers\f28p65x\driverlib\</path>
         <kind>object</kind>
         <file>sdfm.obj</file>
         <name>sdfm.obj</name>
      </input_file>
      <input_file id="fl-25">
         <path>.\Drivers\f28p65x\driverlib\</path>
         <kind>object</kind>
         <file>spi.obj</file>
         <name>spi.obj</name>
      </input_file>
      <input_file id="fl-26">
         <path>.\Drivers\f28p65x\driverlib\</path>
         <kind>object</kind>
         <file>sysctl.obj</file>
         <name>sysctl.obj</name>
      </input_file>
      <input_file id="fl-27">
         <path>.\Drivers\f28p65x\driverlib\</path>
         <kind>object</kind>
         <file>uart.obj</file>
         <name>uart.obj</name>
      </input_file>
      <input_file id="fl-28">
         <path>.\Drivers\f28p65x\driverlib\</path>
         <kind>object</kind>
         <file>usb.obj</file>
         <name>usb.obj</name>
      </input_file>
      <input_file id="fl-29">
         <path>.\Drivers\f28p65x\driverlib\</path>
         <kind>object</kind>
         <file>version.obj</file>
         <name>version.obj</name>
      </input_file>
      <input_file id="fl-2a">
         <path>.\Drivers\f28p65x\driverlib\</path>
         <kind>object</kind>
         <file>xbar.obj</file>
         <name>xbar.obj</name>
      </input_file>
      <input_file id="fl-2b">
         <path>.\Drivers\f28p65x\source\</path>
         <kind>object</kind>
         <file>device.obj</file>
         <name>device.obj</name>
      </input_file>
      <input_file id="fl-2c">
         <path>.\Drivers\f28p65x\source\</path>
         <kind>object</kind>
         <file>f28p65x_adc.obj</file>
         <name>f28p65x_adc.obj</name>
      </input_file>
      <input_file id="fl-2d">
         <path>.\Drivers\f28p65x\source\</path>
         <kind>object</kind>
         <file>f28p65x_codestartbranch.obj</file>
         <name>f28p65x_codestartbranch.obj</name>
      </input_file>
      <input_file id="fl-2e">
         <path>.\Drivers\f28p65x\source\</path>
         <kind>object</kind>
         <file>f28p65x_cputimers.obj</file>
         <name>f28p65x_cputimers.obj</name>
      </input_file>
      <input_file id="fl-2f">
         <path>.\Drivers\f28p65x\source\</path>
         <kind>object</kind>
         <file>f28p65x_dbgier.obj</file>
         <name>f28p65x_dbgier.obj</name>
      </input_file>
      <input_file id="fl-30">
         <path>.\Drivers\f28p65x\source\</path>
         <kind>object</kind>
         <file>f28p65x_defaultisr.obj</file>
         <name>f28p65x_defaultisr.obj</name>
      </input_file>
      <input_file id="fl-31">
         <path>.\Drivers\f28p65x\source\</path>
         <kind>object</kind>
         <file>f28p65x_dma.obj</file>
         <name>f28p65x_dma.obj</name>
      </input_file>
      <input_file id="fl-32">
         <path>.\Drivers\f28p65x\source\</path>
         <kind>object</kind>
         <file>f28p65x_globalvariabledefs.obj</file>
         <name>f28p65x_globalvariabledefs.obj</name>
      </input_file>
      <input_file id="fl-33">
         <path>.\Drivers\f28p65x\source\</path>
         <kind>object</kind>
         <file>f28p65x_gpio.obj</file>
         <name>f28p65x_gpio.obj</name>
      </input_file>
      <input_file id="fl-34">
         <path>.\Drivers\f28p65x\source\</path>
         <kind>object</kind>
         <file>f28p65x_piectrl.obj</file>
         <name>f28p65x_piectrl.obj</name>
      </input_file>
      <input_file id="fl-35">
         <path>.\Drivers\f28p65x\source\</path>
         <kind>object</kind>
         <file>f28p65x_pievect.obj</file>
         <name>f28p65x_pievect.obj</name>
      </input_file>
      <input_file id="fl-36">
         <path>.\Drivers\f28p65x\source\</path>
         <kind>object</kind>
         <file>f28p65x_sdfm_drivers.obj</file>
         <name>f28p65x_sdfm_drivers.obj</name>
      </input_file>
      <input_file id="fl-37">
         <path>.\Drivers\f28p65x\source\</path>
         <kind>object</kind>
         <file>f28p65x_struct.obj</file>
         <name>f28p65x_struct.obj</name>
      </input_file>
      <input_file id="fl-38">
         <path>.\Drivers\f28p65x\source\</path>
         <kind>object</kind>
         <file>f28p65x_sysctrl.obj</file>
         <name>f28p65x_sysctrl.obj</name>
      </input_file>
      <input_file id="fl-39">
         <path>.\Drivers\f28p65x\source\</path>
         <kind>object</kind>
         <file>f28p65x_usdelay.obj</file>
         <name>f28p65x_usdelay.obj</name>
      </input_file>
      <input_file id="fl-3a">
         <path>.\Drivers\lib\</path>
         <kind>object</kind>
         <file>mw_C28x_addsubasm_s32.obj</file>
         <name>mw_C28x_addsubasm_s32.obj</name>
      </input_file>
      <input_file id="fl-3b">
         <path>.\Drivers\lib\</path>
         <kind>object</kind>
         <file>rtFrwUtilities.obj</file>
         <name>rtFrwUtilities.obj</name>
      </input_file>
      <input_file id="fl-3c">
         <path>.\Drivers\lib\</path>
         <kind>object</kind>
         <file>rtGetInf.obj</file>
         <name>rtGetInf.obj</name>
      </input_file>
      <input_file id="fl-3d">
         <path>.\Drivers\lib\</path>
         <kind>object</kind>
         <file>rtGetNaN.obj</file>
         <name>rtGetNaN.obj</name>
      </input_file>
      <input_file id="fl-3e">
         <path>.\Drivers\lib\</path>
         <kind>object</kind>
         <file>rt_nonfinite.obj</file>
         <name>rt_nonfinite.obj</name>
      </input_file>
      <input_file id="fl-3f">
         <path>.\SRC\</path>
         <kind>object</kind>
         <file>main.obj</file>
         <name>main.obj</name>
      </input_file>
      <input_file id="fl-40">
         <path>.\SRC\</path>
         <kind>object</kind>
         <file>ultis.obj</file>
         <name>ultis.obj</name>
      </input_file>
      <input_file id="fl-4a">
         <kind>object</kind>
         <file>&lt;internal&gt;</file>
         <name>&lt;internal&gt;</name>
      </input_file>
      <input_file id="fl-56">
         <path>C:\ti\ccs1250\ccs\tools\compiler\ti-cgt-c2000_22.6.1.LTS\lib\</path>
         <kind>archive</kind>
         <file>rts2800_fpu32_eabi.lib</file>
         <name>s_ceilf.c.obj</name>
      </input_file>
      <input_file id="fl-57">
         <path>C:\ti\ccs1250\ccs\tools\compiler\ti-cgt-c2000_22.6.1.LTS\lib\</path>
         <kind>archive</kind>
         <file>rts2800_fpu32_eabi.lib</file>
         <name>s_floorf.c.obj</name>
      </input_file>
      <input_file id="fl-58">
         <path>C:\ti\ccs1250\ccs\tools\compiler\ti-cgt-c2000_22.6.1.LTS\lib\</path>
         <kind>archive</kind>
         <file>rts2800_fpu32_eabi.lib</file>
         <name>e_exp.c.obj</name>
      </input_file>
      <input_file id="fl-59">
         <path>C:\ti\ccs1250\ccs\tools\compiler\ti-cgt-c2000_22.6.1.LTS\lib\</path>
         <kind>archive</kind>
         <file>rts2800_fpu32_eabi.lib</file>
         <name>boot28.asm.obj</name>
      </input_file>
      <input_file id="fl-5a">
         <path>C:\ti\ccs1250\ccs\tools\compiler\ti-cgt-c2000_22.6.1.LTS\lib\</path>
         <kind>archive</kind>
         <file>rts2800_fpu32_eabi.lib</file>
         <name>fd_add28.asm.obj</name>
      </input_file>
      <input_file id="fl-5b">
         <path>C:\ti\ccs1250\ccs\tools\compiler\ti-cgt-c2000_22.6.1.LTS\lib\</path>
         <kind>archive</kind>
         <file>rts2800_fpu32_eabi.lib</file>
         <name>fd_cmp28.asm.obj</name>
      </input_file>
      <input_file id="fl-5c">
         <path>C:\ti\ccs1250\ccs\tools\compiler\ti-cgt-c2000_22.6.1.LTS\lib\</path>
         <kind>archive</kind>
         <file>rts2800_fpu32_eabi.lib</file>
         <name>fd_mpy28.asm.obj</name>
      </input_file>
      <input_file id="fl-5d">
         <path>C:\ti\ccs1250\ccs\tools\compiler\ti-cgt-c2000_22.6.1.LTS\lib\</path>
         <kind>archive</kind>
         <file>rts2800_fpu32_eabi.lib</file>
         <name>fd_sub28.asm.obj</name>
      </input_file>
      <input_file id="fl-5e">
         <path>C:\ti\ccs1250\ccs\tools\compiler\ti-cgt-c2000_22.6.1.LTS\lib\</path>
         <kind>archive</kind>
         <file>rts2800_fpu32_eabi.lib</file>
         <name>fd_toi28.asm.obj</name>
      </input_file>
      <input_file id="fl-5f">
         <path>C:\ti\ccs1250\ccs\tools\compiler\ti-cgt-c2000_22.6.1.LTS\lib\</path>
         <kind>archive</kind>
         <file>rts2800_fpu32_eabi.lib</file>
         <name>ll_cmp28.asm.obj</name>
      </input_file>
      <input_file id="fl-60">
         <path>C:\ti\ccs1250\ccs\tools\compiler\ti-cgt-c2000_22.6.1.LTS\lib\</path>
         <kind>archive</kind>
         <file>rts2800_fpu32_eabi.lib</file>
         <name>l_tofd28.asm.obj</name>
      </input_file>
      <input_file id="fl-61">
         <path>C:\ti\ccs1250\ccs\tools\compiler\ti-cgt-c2000_22.6.1.LTS\lib\</path>
         <kind>archive</kind>
         <file>rts2800_fpu32_eabi.lib</file>
         <name>fs_tofdfpu32.asm.obj</name>
      </input_file>
      <input_file id="fl-62">
         <path>C:\ti\ccs1250\ccs\tools\compiler\ti-cgt-c2000_22.6.1.LTS\lib\</path>
         <kind>archive</kind>
         <file>rts2800_fpu32_eabi.lib</file>
         <name>fd_tofsfpu32.asm.obj</name>
      </input_file>
      <input_file id="fl-63">
         <path>C:\ti\ccs1250\ccs\tools\compiler\ti-cgt-c2000_22.6.1.LTS\lib\</path>
         <kind>archive</kind>
         <file>rts2800_fpu32_eabi.lib</file>
         <name>fd_div28.asm.obj</name>
      </input_file>
      <input_file id="fl-64">
         <path>C:\ti\ccs1250\ccs\tools\compiler\ti-cgt-c2000_22.6.1.LTS\lib\</path>
         <kind>archive</kind>
         <file>rts2800_fpu32_eabi.lib</file>
         <name>memcpy.c.obj</name>
      </input_file>
      <input_file id="fl-65">
         <path>C:\ti\ccs1250\ccs\tools\compiler\ti-cgt-c2000_22.6.1.LTS\lib\</path>
         <kind>archive</kind>
         <file>rts2800_fpu32_eabi.lib</file>
         <name>pre_init.c.obj</name>
      </input_file>
      <input_file id="fl-66">
         <path>C:\ti\ccs1250\ccs\tools\compiler\ti-cgt-c2000_22.6.1.LTS\lib\</path>
         <kind>archive</kind>
         <file>rts2800_fpu32_eabi.lib</file>
         <name>autoinit.c.obj</name>
      </input_file>
      <input_file id="fl-67">
         <path>C:\ti\ccs1250\ccs\tools\compiler\ti-cgt-c2000_22.6.1.LTS\lib\</path>
         <kind>archive</kind>
         <file>rts2800_fpu32_eabi.lib</file>
         <name>copy_zero_init.c.obj</name>
      </input_file>
      <input_file id="fl-68">
         <path>C:\ti\ccs1250\ccs\tools\compiler\ti-cgt-c2000_22.6.1.LTS\lib\</path>
         <kind>archive</kind>
         <file>rts2800_fpu32_eabi.lib</file>
         <name>copy_decompress_none.c.obj</name>
      </input_file>
      <input_file id="fl-69">
         <path>C:\ti\ccs1250\ccs\tools\compiler\ti-cgt-c2000_22.6.1.LTS\lib\</path>
         <kind>archive</kind>
         <file>rts2800_fpu32_eabi.lib</file>
         <name>copy_decompress_lzss.c.obj</name>
      </input_file>
      <input_file id="fl-6a">
         <path>C:\ti\ccs1250\ccs\tools\compiler\ti-cgt-c2000_22.6.1.LTS\lib\</path>
         <kind>archive</kind>
         <file>rts2800_fpu32_eabi.lib</file>
         <name>exit.c.obj</name>
      </input_file>
      <input_file id="fl-6b">
         <path>C:\ti\ccs1250\ccs\tools\compiler\ti-cgt-c2000_22.6.1.LTS\lib\</path>
         <kind>archive</kind>
         <file>rts2800_fpu32_eabi.lib</file>
         <name>_lock.c.obj</name>
      </input_file>
      <input_file id="fl-6c">
         <path>C:\ti\ccs1250\ccs\tools\compiler\ti-cgt-c2000_22.6.1.LTS\lib\</path>
         <kind>archive</kind>
         <file>rts2800_fpu32_eabi.lib</file>
         <name>args_main.c.obj</name>
      </input_file>
      <input_file id="fl-6d">
         <path>C:\ti\ccs1250\ccs\tools\compiler\ti-cgt-c2000_22.6.1.LTS\lib\</path>
         <kind>archive</kind>
         <file>rts2800_fpu32_eabi.lib</file>
         <name>memset.c.obj</name>
      </input_file>
      <input_file id="fl-6e">
         <path>C:\ti\ccs1250\ccs\tools\compiler\ti-cgt-c2000_22.6.1.LTS\lib\</path>
         <kind>archive</kind>
         <file>rts2800_fpu32_eabi.lib</file>
         <name>errno.c.obj</name>
      </input_file>
      <input_file id="fl-6f">
         <path>C:\ti\ccs1250\ccs\tools\compiler\ti-cgt-c2000_22.6.1.LTS\lib\</path>
         <kind>archive</kind>
         <file>rts2800_fpu32_eabi.lib</file>
         <name>cpy_tbl.c.obj</name>
      </input_file>
      <input_file id="fl-70">
         <path>C:\ti\ccs1250\ccs\tools\compiler\ti-cgt-c2000_22.6.1.LTS\lib\</path>
         <kind>archive</kind>
         <file>rts2800_fpu32_eabi.lib</file>
         <name>startup.c.obj</name>
      </input_file>
   </input_file_list>
   <object_component_list>
      <object_component id="oc-de">
         <name>codestart</name>
         <load_address>0xe0000</load_address>
         <run_address>0xe0000</run_address>
         <size>0x2</size>
         <input_file_ref idref="fl-2d"/>
      </object_component>
      <object_component id="oc-fb">
         <name>.text:retain</name>
         <load_address>0xe02a8</load_address>
         <run_address>0xe02a8</run_address>
         <size>0x7dd</size>
         <input_file_ref idref="fl-30"/>
      </object_component>
      <object_component id="oc-105">
         <name>.text</name>
         <load_address>0xe0a85</load_address>
         <run_address>0xe0a85</run_address>
         <size>0x75f</size>
         <input_file_ref idref="fl-3f"/>
      </object_component>
      <object_component id="oc-18c">
         <name>.text</name>
         <load_address>0xe11e4</load_address>
         <run_address>0xe11e4</run_address>
         <size>0x27b</size>
         <input_file_ref idref="fl-58"/>
      </object_component>
      <object_component id="oc-f5">
         <name>.text</name>
         <load_address>0xe145f</load_address>
         <run_address>0xe145f</run_address>
         <size>0x1ec</size>
         <input_file_ref idref="fl-1d"/>
      </object_component>
      <object_component id="oc-1ba">
         <name>.text</name>
         <load_address>0xe164b</load_address>
         <run_address>0xe164b</run_address>
         <size>0x1cd</size>
         <input_file_ref idref="fl-2"/>
      </object_component>
      <object_component id="oc-1a2">
         <name>.text</name>
         <load_address>0xe1818</load_address>
         <run_address>0xe1818</run_address>
         <size>0x1a7</size>
         <input_file_ref idref="fl-38"/>
      </object_component>
      <object_component id="oc-ea">
         <name>.text</name>
         <load_address>0xe19bf</load_address>
         <run_address>0xe19bf</run_address>
         <size>0x173</size>
         <input_file_ref idref="fl-1c"/>
      </object_component>
      <object_component id="oc-17f">
         <name>.text</name>
         <load_address>0xe1b32</load_address>
         <run_address>0xe1b32</run_address>
         <size>0x126</size>
         <input_file_ref idref="fl-40"/>
      </object_component>
      <object_component id="oc-169">
         <name>.text</name>
         <load_address>0xe1c58</load_address>
         <run_address>0xe1c58</run_address>
         <size>0x9c</size>
         <input_file_ref idref="fl-5a"/>
      </object_component>
      <object_component id="oc-235">
         <name>.text</name>
         <load_address>0xe1cf4</load_address>
         <run_address>0xe1cf4</run_address>
         <size>0x8b</size>
         <input_file_ref idref="fl-63"/>
      </object_component>
      <object_component id="oc-21d">
         <name>.text</name>
         <load_address>0xe1d7f</load_address>
         <run_address>0xe1d7f</run_address>
         <size>0x83</size>
         <input_file_ref idref="fl-5c"/>
      </object_component>
      <object_component id="oc-19c">
         <name>.text</name>
         <load_address>0xe1e02</load_address>
         <run_address>0xe1e02</run_address>
         <size>0x7c</size>
         <input_file_ref idref="fl-2e"/>
      </object_component>
      <object_component id="oc-15c">
         <name>.text:CycleLoadTimerCalcEnd</name>
         <load_address>0xe1e7e</load_address>
         <run_address>0xe1e7e</run_address>
         <size>0x42</size>
         <input_file_ref idref="fl-3f"/>
      </object_component>
      <object_component id="oc-d1">
         <name>.text:decompress:lzss</name>
         <load_address>0xe1ec0</load_address>
         <run_address>0xe1ec0</run_address>
         <size>0x30</size>
         <input_file_ref idref="fl-69"/>
      </object_component>
      <object_component id="oc-2d0">
         <name>.text:__TI_auto_init_nobinit_nopinit</name>
         <load_address>0xe1ef0</load_address>
         <run_address>0xe1ef0</run_address>
         <size>0x2b</size>
         <input_file_ref idref="fl-66"/>
      </object_component>
      <object_component id="oc-e9">
         <name>.text:retain</name>
         <load_address>0xe1f1b</load_address>
         <run_address>0xe1f1b</run_address>
         <size>0x2a</size>
         <input_file_ref idref="fl-1c"/>
      </object_component>
      <object_component id="oc-218">
         <name>.text</name>
         <load_address>0xe1f45</load_address>
         <run_address>0xe1f45</run_address>
         <size>0x2a</size>
         <input_file_ref idref="fl-5b"/>
      </object_component>
      <object_component id="oc-286">
         <name>.text</name>
         <load_address>0xe1f6f</load_address>
         <run_address>0xe1f6f</run_address>
         <size>0x29</size>
         <input_file_ref idref="fl-6a"/>
      </object_component>
      <object_component id="oc-1ae">
         <name>.text</name>
         <load_address>0xe1f98</load_address>
         <run_address>0xe1f98</run_address>
         <size>0x28</size>
         <input_file_ref idref="fl-34"/>
      </object_component>
      <object_component id="oc-1b4">
         <name>.text</name>
         <load_address>0xe1fc0</load_address>
         <run_address>0xe1fc0</run_address>
         <size>0x26</size>
         <input_file_ref idref="fl-35"/>
      </object_component>
      <object_component id="oc-173">
         <name>.text</name>
         <load_address>0xe1fe6</load_address>
         <run_address>0xe1fe6</run_address>
         <size>0x23</size>
         <input_file_ref idref="fl-62"/>
      </object_component>
      <object_component id="oc-155">
         <name>.text:CycleLoadTimerCalcBegin</name>
         <load_address>0xe2009</load_address>
         <run_address>0xe2009</run_address>
         <size>0x22</size>
         <input_file_ref idref="fl-3f"/>
      </object_component>
      <object_component id="oc-225">
         <name>.text</name>
         <load_address>0xe202b</load_address>
         <run_address>0xe202b</run_address>
         <size>0x21</size>
         <input_file_ref idref="fl-5e"/>
      </object_component>
      <object_component id="oc-259">
         <name>.text</name>
         <load_address>0xe204c</load_address>
         <run_address>0xe204c</run_address>
         <size>0x1f</size>
         <input_file_ref idref="fl-16"/>
      </object_component>
      <object_component id="oc-113">
         <name>.text</name>
         <load_address>0xe206b</load_address>
         <run_address>0xe206b</run_address>
         <size>0x1d</size>
         <input_file_ref idref="fl-64"/>
      </object_component>
      <object_component id="oc-163">
         <name>.text</name>
         <load_address>0xe2088</load_address>
         <run_address>0xe2088</run_address>
         <size>0x1c</size>
         <input_file_ref idref="fl-61"/>
      </object_component>
      <object_component id="oc-22a">
         <name>.text</name>
         <load_address>0xe20a4</load_address>
         <run_address>0xe20a4</run_address>
         <size>0x1c</size>
         <input_file_ref idref="fl-60"/>
      </object_component>
      <object_component id="oc-1e1">
         <name>.text</name>
         <load_address>0xe20c0</load_address>
         <run_address>0xe20c0</run_address>
         <size>0x17</size>
         <input_file_ref idref="fl-59"/>
      </object_component>
      <object_component id="oc-16e">
         <name>.text</name>
         <load_address>0xe20d7</load_address>
         <run_address>0xe20d7</run_address>
         <size>0xe</size>
         <input_file_ref idref="fl-5d"/>
      </object_component>
      <object_component id="oc-11b">
         <name>.text:decompress:ZI:__TI_zero_init_nomemset</name>
         <load_address>0xe20e5</load_address>
         <run_address>0xe20e5</run_address>
         <size>0xd</size>
         <input_file_ref idref="fl-67"/>
      </object_component>
      <object_component id="oc-280">
         <name>.text</name>
         <load_address>0xe20f2</load_address>
         <run_address>0xe20f2</run_address>
         <size>0xc</size>
         <input_file_ref idref="fl-6c"/>
      </object_component>
      <object_component id="oc-185">
         <name>.text:__relaxed_cosf</name>
         <load_address>0xe20fe</load_address>
         <run_address>0xe20fe</run_address>
         <size>0xb</size>
         <input_file_ref idref="fl-3b"/>
      </object_component>
      <object_component id="oc-178">
         <name>.text:__relaxed_sinf</name>
         <load_address>0xe2109</load_address>
         <run_address>0xe2109</run_address>
         <size>0xb</size>
         <input_file_ref idref="fl-3b"/>
      </object_component>
      <object_component id="oc-192">
         <name>.text:__relaxed_sqrtf</name>
         <load_address>0xe2114</load_address>
         <run_address>0xe2114</run_address>
         <size>0x9</size>
         <input_file_ref idref="fl-3b"/>
      </object_component>
      <object_component id="oc-32e">
         <name>.text</name>
         <load_address>0xe211d</load_address>
         <run_address>0xe211d</run_address>
         <size>0x9</size>
         <input_file_ref idref="fl-6b"/>
      </object_component>
      <object_component id="oc-d7">
         <name>.text:decompress:none</name>
         <load_address>0xe2126</load_address>
         <run_address>0xe2126</run_address>
         <size>0x8</size>
         <input_file_ref idref="fl-68"/>
      </object_component>
      <object_component id="oc-127">
         <name>.text</name>
         <load_address>0xe212e</load_address>
         <run_address>0xe212e</run_address>
         <size>0x8</size>
         <input_file_ref idref="fl-2d"/>
      </object_component>
      <object_component id="oc-279">
         <name>.text</name>
         <load_address>0xe2136</load_address>
         <run_address>0xe2136</run_address>
         <size>0x2</size>
         <input_file_ref idref="fl-65"/>
      </object_component>
      <object_component id="oc-314">
         <name>.text</name>
         <load_address>0xe2138</load_address>
         <run_address>0xe2138</run_address>
         <size>0x1</size>
         <input_file_ref idref="fl-70"/>
      </object_component>
      <object_component id="oc-435">
         <name>.cinit..data.load</name>
         <load_address>0xe27b8</load_address>
         <run_address>0xe27b8</run_address>
         <size>0x3b</size>
      </object_component>
      <object_component id="oc-432">
         <name>__TI_handler_table</name>
         <load_address>0xe27f4</load_address>
         <run_address>0xe27f4</run_address>
         <size>0x6</size>
      </object_component>
      <object_component id="oc-434">
         <name>.cinit..bss.load</name>
         <load_address>0xe27fa</load_address>
         <run_address>0xe27fa</run_address>
         <size>0x4</size>
      </object_component>
      <object_component id="oc-433">
         <name>__TI_cinit_table</name>
         <load_address>0xe27fe</load_address>
         <run_address>0xe27fe</run_address>
         <size>0x8</size>
      </object_component>
      <object_component id="oc-110">
         <name>.stack</name>
         <uninitialized>true</uninitialized>
         <run_address>0x400</run_address>
         <size>0x0</size>
         <input_file_ref idref="fl-59"/>
      </object_component>
      <object_component id="oc-436">
         <name>.stack</name>
         <uninitialized>true</uninitialized>
         <run_address>0x400</run_address>
         <size>0x0</size>
      </object_component>
      <object_component id="oc-199">
         <name>.bss</name>
         <uninitialized>true</uninitialized>
         <run_address>0x10060</run_address>
         <size>0x18</size>
         <input_file_ref idref="fl-2e"/>
      </object_component>
      <object_component id="oc-146">
         <name>.bss</name>
         <uninitialized>true</uninitialized>
         <run_address>0x10080</run_address>
         <size>0x30</size>
         <input_file_ref idref="fl-3f"/>
      </object_component>
      <object_component id="oc-143">
         <name>.bss:GetDatBuff</name>
         <uninitialized>true</uninitialized>
         <run_address>0x100b0</run_address>
         <size>0x28</size>
         <input_file_ref idref="fl-3f"/>
      </object_component>
      <object_component id="oc-149">
         <name>.bss:GetParm</name>
         <uninitialized>true</uninitialized>
         <run_address>0x10000</run_address>
         <size>0x60</size>
         <input_file_ref idref="fl-3f"/>
      </object_component>
      <object_component id="oc-14c">
         <name>.bss</name>
         <uninitialized>true</uninitialized>
         <run_address>0x100d8</run_address>
         <size>0x10</size>
         <input_file_ref idref="fl-40"/>
      </object_component>
      <object_component id="oc-222">
         <name>.const:halF</name>
         <load_address>0xe0008</load_address>
         <run_address>0xe0008</run_address>
         <size>0x8</size>
         <input_file_ref idref="fl-58"/>
      </object_component>
      <object_component id="oc-22f">
         <name>.const:ln2HI</name>
         <load_address>0xe0010</load_address>
         <run_address>0xe0010</run_address>
         <size>0x8</size>
         <input_file_ref idref="fl-58"/>
      </object_component>
      <object_component id="oc-232">
         <name>.const:ln2LO</name>
         <load_address>0xe0018</load_address>
         <run_address>0xe0018</run_address>
         <size>0x8</size>
         <input_file_ref idref="fl-58"/>
      </object_component>
      <object_component id="oc-168">
         <name>.const</name>
         <load_address>0xe0020</load_address>
         <run_address>0xe0020</run_address>
         <size>0x4</size>
         <input_file_ref idref="fl-3f"/>
      </object_component>
      <object_component id="oc-101">
         <name>.const</name>
         <load_address>0xe0040</load_address>
         <run_address>0xe0040</run_address>
         <size>0x1c0</size>
         <input_file_ref idref="fl-35"/>
      </object_component>
      <object_component id="oc-215">
         <name>.const</name>
         <load_address>0xe0200</load_address>
         <run_address>0xe0200</run_address>
         <size>0x60</size>
         <input_file_ref idref="fl-58"/>
      </object_component>
      <object_component id="oc-130">
         <name>.const:IPC_Instance</name>
         <load_address>0xe0260</load_address>
         <run_address>0xe0260</run_address>
         <size>0x44</size>
         <input_file_ref idref="fl-1d"/>
      </object_component>
      <object_component id="oc-13d">
         <name>.data</name>
         <load_address>0x10100</load_address>
         <run_address>0x10100</run_address>
         <size>0x98</size>
         <input_file_ref idref="fl-3f"/>
      </object_component>
      <object_component id="oc-302">
         <name>.data</name>
         <load_address>0x10198</load_address>
         <run_address>0x10198</run_address>
         <size>0x6</size>
         <input_file_ref idref="fl-6a"/>
      </object_component>
      <object_component id="oc-305">
         <name>.data:_lock</name>
         <load_address>0x1019e</load_address>
         <run_address>0x1019e</run_address>
         <size>0x2</size>
         <input_file_ref idref="fl-6b"/>
      </object_component>
      <object_component id="oc-341">
         <name>.data:_unlock</name>
         <load_address>0x101a0</load_address>
         <run_address>0x101a0</run_address>
         <size>0x2</size>
         <input_file_ref idref="fl-6b"/>
      </object_component>
      <object_component id="oc-23a">
         <name>.data</name>
         <load_address>0x101a2</load_address>
         <run_address>0x101a2</run_address>
         <size>0x1</size>
         <input_file_ref idref="fl-6e"/>
      </object_component>
      <object_component id="oc-1ea">
         <name>MSGRAM_CPU1_TO_CPU2</name>
         <uninitialized>true</uninitialized>
         <run_address>0x3a000</run_address>
         <size>0x88</size>
         <input_file_ref idref="fl-1d"/>
      </object_component>
      <object_component id="oc-140">
         <name>MSGRAM_CPU1_TO_CPU2</name>
         <uninitialized>true</uninitialized>
         <run_address>0x3a088</run_address>
         <size>0x1e</size>
         <input_file_ref idref="fl-3f"/>
      </object_component>
      <object_component id="oc-1ed">
         <name>MSGRAM_CPU2_TO_CPU1</name>
         <uninitialized>true</uninitialized>
         <run_address>0x3b000</run_address>
         <size>0x88</size>
         <input_file_ref idref="fl-1d"/>
      </object_component>
      <object_component id="oc-14f">
         <name>MSGRAM_CPU2_TO_CPU1</name>
         <uninitialized>true</uninitialized>
         <run_address>0x3b088</run_address>
         <size>0xa</size>
         <input_file_ref idref="fl-3f"/>
      </object_component>
      <object_component id="oc-104">
         <name>.TI.ramfunc:retain</name>
         <load_address>0xe2140</load_address>
         <run_address>0x14000</run_address>
         <size>0x5c1</size>
         <input_file_ref idref="fl-3f"/>
      </object_component>
      <object_component id="oc-1a8">
         <name>.TI.ramfunc</name>
         <load_address>0xe2701</load_address>
         <run_address>0x145c1</run_address>
         <size>0x8a</size>
         <input_file_ref idref="fl-16"/>
      </object_component>
      <object_component id="oc-246">
         <name>.TI.ramfunc</name>
         <load_address>0xe278b</load_address>
         <run_address>0x1464b</run_address>
         <size>0x1f</size>
         <input_file_ref idref="fl-38"/>
      </object_component>
      <object_component id="oc-24c">
         <name>.TI.ramfunc</name>
         <load_address>0xe27aa</load_address>
         <run_address>0x1466a</run_address>
         <size>0x4</size>
         <input_file_ref idref="fl-39"/>
      </object_component>
      <object_component id="oc-1c0">
         <name>.TI.ramfunc</name>
         <load_address>0xe27ae</load_address>
         <run_address>0x1466e</run_address>
         <size>0x4</size>
         <input_file_ref idref="fl-26"/>
      </object_component>
      <object_component id="oc-152">
         <name>AdcbResultRegsFile</name>
         <uninitialized>true</uninitialized>
         <run_address>0xa80</run_address>
         <size>0x48</size>
         <input_file_ref idref="fl-32"/>
      </object_component>
      <object_component id="oc-254">
         <name>ClkCfgRegsFile</name>
         <uninitialized>true</uninitialized>
         <run_address>0x5d200</run_address>
         <size>0x44</size>
         <input_file_ref idref="fl-32"/>
      </object_component>
      <object_component id="oc-1ca">
         <name>CpuSysRegsFile</name>
         <uninitialized>true</uninitialized>
         <run_address>0x5d300</run_address>
         <size>0xa6</size>
         <input_file_ref idref="fl-32"/>
      </object_component>
      <object_component id="oc-1c1">
         <name>CpuTimer0RegsFile</name>
         <uninitialized>true</uninitialized>
         <run_address>0xc00</run_address>
         <size>0x8</size>
         <input_file_ref idref="fl-32"/>
      </object_component>
      <object_component id="oc-1c4">
         <name>CpuTimer1RegsFile</name>
         <uninitialized>true</uninitialized>
         <run_address>0xc08</run_address>
         <size>0x8</size>
         <input_file_ref idref="fl-32"/>
      </object_component>
      <object_component id="oc-242">
         <name>CpuTimer2RegsFile</name>
         <uninitialized>true</uninitialized>
         <run_address>0xc10</run_address>
         <size>0x8</size>
         <input_file_ref idref="fl-32"/>
      </object_component>
      <object_component id="oc-2b2">
         <name>Flash0CtrlRegsFile</name>
         <uninitialized>true</uninitialized>
         <run_address>0x5f800</run_address>
         <size>0x182</size>
         <input_file_ref idref="fl-32"/>
      </object_component>
      <object_component id="oc-2b5">
         <name>Flash0EccRegsFile</name>
         <uninitialized>true</uninitialized>
         <run_address>0x5fb00</run_address>
         <size>0x22</size>
         <input_file_ref idref="fl-32"/>
      </object_component>
      <object_component id="oc-13a">
         <name>PieCtrlRegsFile</name>
         <uninitialized>true</uninitialized>
         <run_address>0xce0</run_address>
         <size>0x1a</size>
         <input_file_ref idref="fl-32"/>
      </object_component>
      <object_component id="oc-1c7">
         <name>PieVectTableMainFile</name>
         <uninitialized>true</uninitialized>
         <run_address>0xd00</run_address>
         <size>0x1c0</size>
         <input_file_ref idref="fl-32"/>
      </object_component>
      <object_component id="oc-251">
         <name>WdRegsFile</name>
         <uninitialized>true</uninitialized>
         <run_address>0x7000</run_address>
         <size>0x2b</size>
         <input_file_ref idref="fl-32"/>
      </object_component>
      <object_component id="oc-265">
         <name>.debug_types</name>
         <load_address>0x0</load_address>
         <run_address>0x0</run_address>
         <size>0x1b7b</size>
         <input_file_ref idref="fl-2"/>
      </object_component>
      <object_component id="oc-260">
         <name>.debug_types</name>
         <load_address>0x0</load_address>
         <run_address>0x0</run_address>
         <size>0x0</size>
         <input_file_ref idref="fl-16"/>
      </object_component>
      <object_component id="oc-12e">
         <name>.debug_types</name>
         <load_address>0x0</load_address>
         <run_address>0x0</run_address>
         <size>0x0</size>
         <input_file_ref idref="fl-1c"/>
      </object_component>
      <object_component id="oc-134">
         <name>.debug_types</name>
         <load_address>0x1b7b</load_address>
         <run_address>0x1b7b</run_address>
         <size>0xd51</size>
         <input_file_ref idref="fl-1d"/>
      </object_component>
      <object_component id="oc-241">
         <name>.debug_types</name>
         <load_address>0x28cc</load_address>
         <run_address>0x28cc</run_address>
         <size>0x64c</size>
         <input_file_ref idref="fl-2e"/>
      </object_component>
      <object_component id="oc-136">
         <name>.debug_types</name>
         <load_address>0x0</load_address>
         <run_address>0x0</run_address>
         <size>0x0</size>
         <input_file_ref idref="fl-30"/>
      </object_component>
      <object_component id="oc-1fd">
         <name>.debug_types</name>
         <load_address>0x2f18</load_address>
         <run_address>0x2f18</run_address>
         <size>0x7ab8b</size>
         <input_file_ref idref="fl-32"/>
      </object_component>
      <object_component id="oc-262">
         <name>.debug_types</name>
         <load_address>0x0</load_address>
         <run_address>0x0</run_address>
         <size>0x0</size>
         <input_file_ref idref="fl-34"/>
      </object_component>
      <object_component id="oc-139">
         <name>.debug_types</name>
         <load_address>0x7daa3</load_address>
         <run_address>0x7daa3</run_address>
         <size>0x5a</size>
         <input_file_ref idref="fl-35"/>
      </object_component>
      <object_component id="oc-258">
         <name>.debug_types</name>
         <load_address>0x7dafd</load_address>
         <run_address>0x7dafd</run_address>
         <size>0x2f</size>
         <input_file_ref idref="fl-38"/>
      </object_component>
      <object_component id="oc-213">
         <name>.debug_types</name>
         <load_address>0x7db2c</load_address>
         <run_address>0x7db2c</run_address>
         <size>0xbb</size>
         <input_file_ref idref="fl-3b"/>
      </object_component>
      <object_component id="oc-1ce">
         <name>.debug_types</name>
         <load_address>0x7dbe7</load_address>
         <run_address>0x7dbe7</run_address>
         <size>0x108f</size>
         <input_file_ref idref="fl-3f"/>
      </object_component>
      <object_component id="oc-20a">
         <name>.debug_types</name>
         <load_address>0x0</load_address>
         <run_address>0x0</run_address>
         <size>0x0</size>
         <input_file_ref idref="fl-40"/>
      </object_component>
      <object_component id="oc-23e">
         <name>.debug_types</name>
         <load_address>0x7ec76</load_address>
         <run_address>0x7ec76</run_address>
         <size>0xf7</size>
         <input_file_ref idref="fl-58"/>
      </object_component>
      <object_component id="oc-1d4">
         <name>.debug_types</name>
         <load_address>0x7ed6d</load_address>
         <run_address>0x7ed6d</run_address>
         <size>0xe3</size>
         <input_file_ref idref="fl-64"/>
      </object_component>
      <object_component id="oc-2cf">
         <name>.debug_types</name>
         <load_address>0x0</load_address>
         <run_address>0x0</run_address>
         <size>0x0</size>
         <input_file_ref idref="fl-65"/>
      </object_component>
      <object_component id="oc-31b">
         <name>.debug_types</name>
         <load_address>0x7ee50</load_address>
         <run_address>0x7ee50</run_address>
         <size>0x4ca</size>
         <input_file_ref idref="fl-66"/>
      </object_component>
      <object_component id="oc-1d9">
         <name>.debug_types</name>
         <load_address>0x7f31a</load_address>
         <run_address>0x7f31a</run_address>
         <size>0x194</size>
         <input_file_ref idref="fl-67"/>
      </object_component>
      <object_component id="oc-11a">
         <name>.debug_types</name>
         <load_address>0x0</load_address>
         <run_address>0x0</run_address>
         <size>0x0</size>
         <input_file_ref idref="fl-68"/>
      </object_component>
      <object_component id="oc-112">
         <name>.debug_types</name>
         <load_address>0x7f4ae</load_address>
         <run_address>0x7f4ae</run_address>
         <size>0x191</size>
         <input_file_ref idref="fl-69"/>
      </object_component>
      <object_component id="oc-309">
         <name>.debug_types</name>
         <load_address>0x7f63f</load_address>
         <run_address>0x7f63f</run_address>
         <size>0xbf</size>
         <input_file_ref idref="fl-6a"/>
      </object_component>
      <object_component id="oc-336">
         <name>.debug_types</name>
         <load_address>0x7f6fe</load_address>
         <run_address>0x7f6fe</run_address>
         <size>0x2f</size>
         <input_file_ref idref="fl-6b"/>
      </object_component>
      <object_component id="oc-301">
         <name>.debug_types</name>
         <load_address>0x7f72d</load_address>
         <run_address>0x7f72d</run_address>
         <size>0xe1</size>
         <input_file_ref idref="fl-6c"/>
      </object_component>
      <object_component id="oc-2a9">
         <name>.debug_types</name>
         <load_address>0x0</load_address>
         <run_address>0x0</run_address>
         <size>0x0</size>
         <input_file_ref idref="fl-6e"/>
      </object_component>
      <object_component id="oc-33b">
         <name>.debug_types</name>
         <load_address>0x0</load_address>
         <run_address>0x0</run_address>
         <size>0x0</size>
         <input_file_ref idref="fl-70"/>
      </object_component>
      <object_component id="oc-1bc">
         <name>.debug_info</name>
         <load_address>0x0</load_address>
         <run_address>0x0</run_address>
         <size>0xa46</size>
         <input_file_ref idref="fl-2"/>
      </object_component>
      <object_component id="oc-1ac">
         <name>.debug_info</name>
         <load_address>0xa46</load_address>
         <run_address>0xa46</run_address>
         <size>0x5ff</size>
         <input_file_ref idref="fl-16"/>
      </object_component>
      <object_component id="oc-25d">
         <name>.debug_info</name>
         <load_address>0x1045</load_address>
         <run_address>0x1045</run_address>
         <size>0x1a1</size>
         <input_file_ref idref="fl-16"/>
      </object_component>
      <object_component id="oc-ed">
         <name>.debug_info</name>
         <load_address>0x11e6</load_address>
         <run_address>0x11e6</run_address>
         <size>0x5f9</size>
         <input_file_ref idref="fl-1c"/>
      </object_component>
      <object_component id="oc-f0">
         <name>.debug_info</name>
         <load_address>0x17df</load_address>
         <run_address>0x17df</run_address>
         <size>0x255</size>
         <input_file_ref idref="fl-1c"/>
      </object_component>
      <object_component id="oc-131">
         <name>.debug_info</name>
         <load_address>0x1a34</load_address>
         <run_address>0x1a34</run_address>
         <size>0xff</size>
         <input_file_ref idref="fl-1d"/>
      </object_component>
      <object_component id="oc-1eb">
         <name>.debug_info</name>
         <load_address>0x1b33</load_address>
         <run_address>0x1b33</run_address>
         <size>0x11b</size>
         <input_file_ref idref="fl-1d"/>
      </object_component>
      <object_component id="oc-1ee">
         <name>.debug_info</name>
         <load_address>0x1c4e</load_address>
         <run_address>0x1c4e</run_address>
         <size>0x11b</size>
         <input_file_ref idref="fl-1d"/>
      </object_component>
      <object_component id="oc-f9">
         <name>.debug_info</name>
         <load_address>0x1d69</load_address>
         <run_address>0x1d69</run_address>
         <size>0xb9b</size>
         <input_file_ref idref="fl-1d"/>
      </object_component>
      <object_component id="oc-e0">
         <name>.debug_info</name>
         <load_address>0x2904</load_address>
         <run_address>0x2904</run_address>
         <size>0x12a</size>
         <input_file_ref idref="fl-2d"/>
      </object_component>
      <object_component id="oc-12a">
         <name>.debug_info</name>
         <load_address>0x2a2e</load_address>
         <run_address>0x2a2e</run_address>
         <size>0x12b</size>
         <input_file_ref idref="fl-2d"/>
      </object_component>
      <object_component id="oc-19a">
         <name>.debug_info</name>
         <load_address>0x2b59</load_address>
         <run_address>0x2b59</run_address>
         <size>0x150</size>
         <input_file_ref idref="fl-2e"/>
      </object_component>
      <object_component id="oc-1a0">
         <name>.debug_info</name>
         <load_address>0x2ca9</load_address>
         <run_address>0x2ca9</run_address>
         <size>0x22a</size>
         <input_file_ref idref="fl-2e"/>
      </object_component>
      <object_component id="oc-fd">
         <name>.debug_info</name>
         <load_address>0x2ed3</load_address>
         <run_address>0x2ed3</run_address>
         <size>0x4532</size>
         <input_file_ref idref="fl-30"/>
      </object_component>
      <object_component id="oc-1c2">
         <name>.debug_info</name>
         <load_address>0x7405</load_address>
         <run_address>0x7405</run_address>
         <size>0x115</size>
         <input_file_ref idref="fl-32"/>
      </object_component>
      <object_component id="oc-1c5">
         <name>.debug_info</name>
         <load_address>0x751a</load_address>
         <run_address>0x751a</run_address>
         <size>0x115</size>
         <input_file_ref idref="fl-32"/>
      </object_component>
      <object_component id="oc-243">
         <name>.debug_info</name>
         <load_address>0x762f</load_address>
         <run_address>0x762f</run_address>
         <size>0x115</size>
         <input_file_ref idref="fl-32"/>
      </object_component>
      <object_component id="oc-13b">
         <name>.debug_info</name>
         <load_address>0x7744</load_address>
         <run_address>0x7744</run_address>
         <size>0x111</size>
         <input_file_ref idref="fl-32"/>
      </object_component>
      <object_component id="oc-2b6">
         <name>.debug_info</name>
         <load_address>0x7855</load_address>
         <run_address>0x7855</run_address>
         <size>0x115</size>
         <input_file_ref idref="fl-32"/>
      </object_component>
      <object_component id="oc-252">
         <name>.debug_info</name>
         <load_address>0x796a</load_address>
         <run_address>0x796a</run_address>
         <size>0x107</size>
         <input_file_ref idref="fl-32"/>
      </object_component>
      <object_component id="oc-255">
         <name>.debug_info</name>
         <load_address>0x7a71</load_address>
         <run_address>0x7a71</run_address>
         <size>0x10f</size>
         <input_file_ref idref="fl-32"/>
      </object_component>
      <object_component id="oc-153">
         <name>.debug_info</name>
         <load_address>0x7b80</load_address>
         <run_address>0x7b80</run_address>
         <size>0x116</size>
         <input_file_ref idref="fl-32"/>
      </object_component>
      <object_component id="oc-1cb">
         <name>.debug_info</name>
         <load_address>0x7c96</load_address>
         <run_address>0x7c96</run_address>
         <size>0x10f</size>
         <input_file_ref idref="fl-32"/>
      </object_component>
      <object_component id="oc-2b3">
         <name>.debug_info</name>
         <load_address>0x7da5</load_address>
         <run_address>0x7da5</run_address>
         <size>0x117</size>
         <input_file_ref idref="fl-32"/>
      </object_component>
      <object_component id="oc-1c8">
         <name>.debug_info</name>
         <load_address>0x7ebc</load_address>
         <run_address>0x7ebc</run_address>
         <size>0x113</size>
         <input_file_ref idref="fl-32"/>
      </object_component>
      <object_component id="oc-1b2">
         <name>.debug_info</name>
         <load_address>0x7fcf</load_address>
         <run_address>0x7fcf</run_address>
         <size>0x1a8</size>
         <input_file_ref idref="fl-34"/>
      </object_component>
      <object_component id="oc-102">
         <name>.debug_info</name>
         <load_address>0x8177</load_address>
         <run_address>0x8177</run_address>
         <size>0x110</size>
         <input_file_ref idref="fl-35"/>
      </object_component>
      <object_component id="oc-1b5">
         <name>.debug_info</name>
         <load_address>0x8287</load_address>
         <run_address>0x8287</run_address>
         <size>0x17f</size>
         <input_file_ref idref="fl-35"/>
      </object_component>
      <object_component id="oc-1a5">
         <name>.debug_info</name>
         <load_address>0x8406</load_address>
         <run_address>0x8406</run_address>
         <size>0x62e</size>
         <input_file_ref idref="fl-38"/>
      </object_component>
      <object_component id="oc-247">
         <name>.debug_info</name>
         <load_address>0x8a34</load_address>
         <run_address>0x8a34</run_address>
         <size>0x13f</size>
         <input_file_ref idref="fl-38"/>
      </object_component>
      <object_component id="oc-24e">
         <name>.debug_info</name>
         <load_address>0x8b73</load_address>
         <run_address>0x8b73</run_address>
         <size>0x125</size>
         <input_file_ref idref="fl-39"/>
      </object_component>
      <object_component id="oc-194">
         <name>.debug_info</name>
         <load_address>0x8c98</load_address>
         <run_address>0x8c98</run_address>
         <size>0x17f</size>
         <input_file_ref idref="fl-3b"/>
      </object_component>
      <object_component id="oc-17a">
         <name>.debug_info</name>
         <load_address>0x8e17</load_address>
         <run_address>0x8e17</run_address>
         <size>0x17d</size>
         <input_file_ref idref="fl-3b"/>
      </object_component>
      <object_component id="oc-187">
         <name>.debug_info</name>
         <load_address>0x8f94</load_address>
         <run_address>0x8f94</run_address>
         <size>0x17d</size>
         <input_file_ref idref="fl-3b"/>
      </object_component>
      <object_component id="oc-13e">
         <name>.debug_info</name>
         <load_address>0x9111</load_address>
         <run_address>0x9111</run_address>
         <size>0xcb9</size>
         <input_file_ref idref="fl-3f"/>
      </object_component>
      <object_component id="oc-147">
         <name>.debug_info</name>
         <load_address>0x9dca</load_address>
         <run_address>0x9dca</run_address>
         <size>0x242</size>
         <input_file_ref idref="fl-3f"/>
      </object_component>
      <object_component id="oc-150">
         <name>.debug_info</name>
         <load_address>0xa00c</load_address>
         <run_address>0xa00c</run_address>
         <size>0xf4</size>
         <input_file_ref idref="fl-3f"/>
      </object_component>
      <object_component id="oc-141">
         <name>.debug_info</name>
         <load_address>0xa100</load_address>
         <run_address>0xa100</run_address>
         <size>0xf4</size>
         <input_file_ref idref="fl-3f"/>
      </object_component>
      <object_component id="oc-144">
         <name>.debug_info</name>
         <load_address>0xa1f4</load_address>
         <run_address>0xa1f4</run_address>
         <size>0xe6</size>
         <input_file_ref idref="fl-3f"/>
      </object_component>
      <object_component id="oc-14a">
         <name>.debug_info</name>
         <load_address>0xa2da</load_address>
         <run_address>0xa2da</run_address>
         <size>0xe0</size>
         <input_file_ref idref="fl-3f"/>
      </object_component>
      <object_component id="oc-106">
         <name>.debug_info</name>
         <load_address>0xa3ba</load_address>
         <run_address>0xa3ba</run_address>
         <size>0x221d</size>
         <input_file_ref idref="fl-3f"/>
      </object_component>
      <object_component id="oc-156">
         <name>.debug_info</name>
         <load_address>0xc5d7</load_address>
         <run_address>0xc5d7</run_address>
         <size>0x13c</size>
         <input_file_ref idref="fl-3f"/>
      </object_component>
      <object_component id="oc-15e">
         <name>.debug_info</name>
         <load_address>0xc713</load_address>
         <run_address>0xc713</run_address>
         <size>0x138</size>
         <input_file_ref idref="fl-3f"/>
      </object_component>
      <object_component id="oc-10b">
         <name>.debug_info</name>
         <load_address>0xc84b</load_address>
         <run_address>0xc84b</run_address>
         <size>0x5ee</size>
         <input_file_ref idref="fl-3f"/>
      </object_component>
      <object_component id="oc-14d">
         <name>.debug_info</name>
         <load_address>0xce39</load_address>
         <run_address>0xce39</run_address>
         <size>0xed</size>
         <input_file_ref idref="fl-40"/>
      </object_component>
      <object_component id="oc-180">
         <name>.debug_info</name>
         <load_address>0xcf26</load_address>
         <run_address>0xcf26</run_address>
         <size>0x2e3</size>
         <input_file_ref idref="fl-40"/>
      </object_component>
      <object_component id="oc-216">
         <name>.debug_info</name>
         <load_address>0xd209</load_address>
         <run_address>0xd209</run_address>
         <size>0x22f</size>
         <input_file_ref idref="fl-58"/>
      </object_component>
      <object_component id="oc-223">
         <name>.debug_info</name>
         <load_address>0xd438</load_address>
         <run_address>0xd438</run_address>
         <size>0x105</size>
         <input_file_ref idref="fl-58"/>
      </object_component>
      <object_component id="oc-230">
         <name>.debug_info</name>
         <load_address>0xd53d</load_address>
         <run_address>0xd53d</run_address>
         <size>0x107</size>
         <input_file_ref idref="fl-58"/>
      </object_component>
      <object_component id="oc-233">
         <name>.debug_info</name>
         <load_address>0xd644</load_address>
         <run_address>0xd644</run_address>
         <size>0x107</size>
         <input_file_ref idref="fl-58"/>
      </object_component>
      <object_component id="oc-18d">
         <name>.debug_info</name>
         <load_address>0xd74b</load_address>
         <run_address>0xd74b</run_address>
         <size>0x510</size>
         <input_file_ref idref="fl-58"/>
      </object_component>
      <object_component id="oc-1e3">
         <name>.debug_info</name>
         <load_address>0xdc5b</load_address>
         <run_address>0xdc5b</run_address>
         <size>0x158</size>
         <input_file_ref idref="fl-59"/>
      </object_component>
      <object_component id="oc-16a">
         <name>.debug_info</name>
         <load_address>0xddb3</load_address>
         <run_address>0xddb3</run_address>
         <size>0x127</size>
         <input_file_ref idref="fl-5a"/>
      </object_component>
      <object_component id="oc-219">
         <name>.debug_info</name>
         <load_address>0xdeda</load_address>
         <run_address>0xdeda</run_address>
         <size>0x131</size>
         <input_file_ref idref="fl-5b"/>
      </object_component>
      <object_component id="oc-220">
         <name>.debug_info</name>
         <load_address>0xe00b</load_address>
         <run_address>0xe00b</run_address>
         <size>0x127</size>
         <input_file_ref idref="fl-5c"/>
      </object_component>
      <object_component id="oc-16f">
         <name>.debug_info</name>
         <load_address>0xe132</load_address>
         <run_address>0xe132</run_address>
         <size>0x13b</size>
         <input_file_ref idref="fl-5d"/>
      </object_component>
      <object_component id="oc-226">
         <name>.debug_info</name>
         <load_address>0xe26d</load_address>
         <run_address>0xe26d</run_address>
         <size>0x127</size>
         <input_file_ref idref="fl-5e"/>
      </object_component>
      <object_component id="oc-22c">
         <name>.debug_info</name>
         <load_address>0xe394</load_address>
         <run_address>0xe394</run_address>
         <size>0x12b</size>
         <input_file_ref idref="fl-60"/>
      </object_component>
      <object_component id="oc-164">
         <name>.debug_info</name>
         <load_address>0xe4bf</load_address>
         <run_address>0xe4bf</run_address>
         <size>0x12b</size>
         <input_file_ref idref="fl-61"/>
      </object_component>
      <object_component id="oc-176">
         <name>.debug_info</name>
         <load_address>0xe5ea</load_address>
         <run_address>0xe5ea</run_address>
         <size>0x12b</size>
         <input_file_ref idref="fl-62"/>
      </object_component>
      <object_component id="oc-237">
         <name>.debug_info</name>
         <load_address>0xe715</load_address>
         <run_address>0xe715</run_address>
         <size>0x127</size>
         <input_file_ref idref="fl-63"/>
      </object_component>
      <object_component id="oc-114">
         <name>.debug_info</name>
         <load_address>0xe83c</load_address>
         <run_address>0xe83c</run_address>
         <size>0x19b</size>
         <input_file_ref idref="fl-64"/>
      </object_component>
      <object_component id="oc-27a">
         <name>.debug_info</name>
         <load_address>0xe9d7</load_address>
         <run_address>0xe9d7</run_address>
         <size>0x14d</size>
         <input_file_ref idref="fl-65"/>
      </object_component>
      <object_component id="oc-2d2">
         <name>.debug_info</name>
         <load_address>0xeb24</load_address>
         <run_address>0xeb24</run_address>
         <size>0x1bf</size>
         <input_file_ref idref="fl-66"/>
      </object_component>
      <object_component id="oc-11e">
         <name>.debug_info</name>
         <load_address>0xece3</load_address>
         <run_address>0xece3</run_address>
         <size>0x1b6</size>
         <input_file_ref idref="fl-67"/>
      </object_component>
      <object_component id="oc-d8">
         <name>.debug_info</name>
         <load_address>0xee99</load_address>
         <run_address>0xee99</run_address>
         <size>0x1b7</size>
         <input_file_ref idref="fl-68"/>
      </object_component>
      <object_component id="oc-d2">
         <name>.debug_info</name>
         <load_address>0xf050</load_address>
         <run_address>0xf050</run_address>
         <size>0x219</size>
         <input_file_ref idref="fl-69"/>
      </object_component>
      <object_component id="oc-303">
         <name>.debug_info</name>
         <load_address>0xf269</load_address>
         <run_address>0xf269</run_address>
         <size>0x19e</size>
         <input_file_ref idref="fl-6a"/>
      </object_component>
      <object_component id="oc-287">
         <name>.debug_info</name>
         <load_address>0xf407</load_address>
         <run_address>0xf407</run_address>
         <size>0x1a9</size>
         <input_file_ref idref="fl-6a"/>
      </object_component>
      <object_component id="oc-306">
         <name>.debug_info</name>
         <load_address>0xf5b0</load_address>
         <run_address>0xf5b0</run_address>
         <size>0x107</size>
         <input_file_ref idref="fl-6b"/>
      </object_component>
      <object_component id="oc-342">
         <name>.debug_info</name>
         <load_address>0xf6b7</load_address>
         <run_address>0xf6b7</run_address>
         <size>0x10b</size>
         <input_file_ref idref="fl-6b"/>
      </object_component>
      <object_component id="oc-32f">
         <name>.debug_info</name>
         <load_address>0xf7c2</load_address>
         <run_address>0xf7c2</run_address>
         <size>0x203</size>
         <input_file_ref idref="fl-6b"/>
      </object_component>
      <object_component id="oc-284">
         <name>.debug_info</name>
         <load_address>0xf9c5</load_address>
         <run_address>0xf9c5</run_address>
         <size>0x15d</size>
         <input_file_ref idref="fl-6c"/>
      </object_component>
      <object_component id="oc-23b">
         <name>.debug_info</name>
         <load_address>0xfb22</load_address>
         <run_address>0xfb22</run_address>
         <size>0x106</size>
         <input_file_ref idref="fl-6e"/>
      </object_component>
      <object_component id="oc-317">
         <name>.debug_info</name>
         <load_address>0xfc28</load_address>
         <run_address>0xfc28</run_address>
         <size>0x147</size>
         <input_file_ref idref="fl-70"/>
      </object_component>
      <object_component id="oc-438">
         <name>.debug_info</name>
         <load_address>0xfd6f</load_address>
         <run_address>0xfd6f</run_address>
         <size>0xaa</size>
      </object_component>
      <object_component id="oc-1be">
         <name>.debug_line</name>
         <load_address>0x0</load_address>
         <run_address>0x0</run_address>
         <size>0x23b</size>
         <input_file_ref idref="fl-2"/>
      </object_component>
      <object_component id="oc-2c9">
         <name>.debug_line</name>
         <load_address>0x23b</load_address>
         <run_address>0x23b</run_address>
         <size>0x47</size>
         <input_file_ref idref="fl-2"/>
      </object_component>
      <object_component id="oc-1a9">
         <name>.debug_line</name>
         <load_address>0x282</load_address>
         <run_address>0x282</run_address>
         <size>0x134</size>
         <input_file_ref idref="fl-16"/>
      </object_component>
      <object_component id="oc-25c">
         <name>.debug_line</name>
         <load_address>0x3b6</load_address>
         <run_address>0x3b6</run_address>
         <size>0x66</size>
         <input_file_ref idref="fl-16"/>
      </object_component>
      <object_component id="oc-2c3">
         <name>.debug_line</name>
         <load_address>0x41c</load_address>
         <run_address>0x41c</run_address>
         <size>0x21</size>
         <input_file_ref idref="fl-16"/>
      </object_component>
      <object_component id="oc-ec">
         <name>.debug_line</name>
         <load_address>0x43d</load_address>
         <run_address>0x43d</run_address>
         <size>0x1c9</size>
         <input_file_ref idref="fl-1c"/>
      </object_component>
      <object_component id="oc-f4">
         <name>.debug_line</name>
         <load_address>0x606</load_address>
         <run_address>0x606</run_address>
         <size>0x97</size>
         <input_file_ref idref="fl-1c"/>
      </object_component>
      <object_component id="oc-1e8">
         <name>.debug_line</name>
         <load_address>0x69d</load_address>
         <run_address>0x69d</run_address>
         <size>0x21</size>
         <input_file_ref idref="fl-1c"/>
      </object_component>
      <object_component id="oc-1f1">
         <name>.debug_line</name>
         <load_address>0x6be</load_address>
         <run_address>0x6be</run_address>
         <size>0x47</size>
         <input_file_ref idref="fl-1d"/>
      </object_component>
      <object_component id="oc-28e">
         <name>.debug_line</name>
         <load_address>0x705</load_address>
         <run_address>0x705</run_address>
         <size>0x47</size>
         <input_file_ref idref="fl-1d"/>
      </object_component>
      <object_component id="oc-290">
         <name>.debug_line</name>
         <load_address>0x74c</load_address>
         <run_address>0x74c</run_address>
         <size>0x47</size>
         <input_file_ref idref="fl-1d"/>
      </object_component>
      <object_component id="oc-f7">
         <name>.debug_line</name>
         <load_address>0x793</load_address>
         <run_address>0x793</run_address>
         <size>0x23b</size>
         <input_file_ref idref="fl-1d"/>
      </object_component>
      <object_component id="oc-1f3">
         <name>.debug_line</name>
         <load_address>0x9ce</load_address>
         <run_address>0x9ce</run_address>
         <size>0x99</size>
         <input_file_ref idref="fl-1d"/>
      </object_component>
      <object_component id="oc-df">
         <name>.debug_line</name>
         <load_address>0xa67</load_address>
         <run_address>0xa67</run_address>
         <size>0x65</size>
         <input_file_ref idref="fl-2d"/>
      </object_component>
      <object_component id="oc-129">
         <name>.debug_line</name>
         <load_address>0xacc</load_address>
         <run_address>0xacc</run_address>
         <size>0x6d</size>
         <input_file_ref idref="fl-2d"/>
      </object_component>
      <object_component id="oc-240">
         <name>.debug_line</name>
         <load_address>0xb39</load_address>
         <run_address>0xb39</run_address>
         <size>0x52</size>
         <input_file_ref idref="fl-2e"/>
      </object_component>
      <object_component id="oc-19f">
         <name>.debug_line</name>
         <load_address>0xb8b</load_address>
         <run_address>0xb8b</run_address>
         <size>0x9f</size>
         <input_file_ref idref="fl-2e"/>
      </object_component>
      <object_component id="oc-2ae">
         <name>.debug_line</name>
         <load_address>0xc2a</load_address>
         <run_address>0xc2a</run_address>
         <size>0x70</size>
         <input_file_ref idref="fl-2e"/>
      </object_component>
      <object_component id="oc-ff">
         <name>.debug_line</name>
         <load_address>0xc9a</load_address>
         <run_address>0xc9a</run_address>
         <size>0x125b</size>
         <input_file_ref idref="fl-30"/>
      </object_component>
      <object_component id="oc-1f6">
         <name>.debug_line</name>
         <load_address>0x1ef5</load_address>
         <run_address>0x1ef5</run_address>
         <size>0x21</size>
         <input_file_ref idref="fl-30"/>
      </object_component>
      <object_component id="oc-267">
         <name>.debug_line</name>
         <load_address>0x1f16</load_address>
         <run_address>0x1f16</run_address>
         <size>0x5b</size>
         <input_file_ref idref="fl-32"/>
      </object_component>
      <object_component id="oc-269">
         <name>.debug_line</name>
         <load_address>0x1f71</load_address>
         <run_address>0x1f71</run_address>
         <size>0x5b</size>
         <input_file_ref idref="fl-32"/>
      </object_component>
      <object_component id="oc-2b1">
         <name>.debug_line</name>
         <load_address>0x1fcc</load_address>
         <run_address>0x1fcc</run_address>
         <size>0x5b</size>
         <input_file_ref idref="fl-32"/>
      </object_component>
      <object_component id="oc-1fc">
         <name>.debug_line</name>
         <load_address>0x2027</load_address>
         <run_address>0x2027</run_address>
         <size>0x5b</size>
         <input_file_ref idref="fl-32"/>
      </object_component>
      <object_component id="oc-310">
         <name>.debug_line</name>
         <load_address>0x2082</load_address>
         <run_address>0x2082</run_address>
         <size>0x5b</size>
         <input_file_ref idref="fl-32"/>
      </object_component>
      <object_component id="oc-2bb">
         <name>.debug_line</name>
         <load_address>0x20dd</load_address>
         <run_address>0x20dd</run_address>
         <size>0x5b</size>
         <input_file_ref idref="fl-32"/>
      </object_component>
      <object_component id="oc-2bd">
         <name>.debug_line</name>
         <load_address>0x2138</load_address>
         <run_address>0x2138</run_address>
         <size>0x5b</size>
         <input_file_ref idref="fl-32"/>
      </object_component>
      <object_component id="oc-20e">
         <name>.debug_line</name>
         <load_address>0x2193</load_address>
         <run_address>0x2193</run_address>
         <size>0x5b</size>
         <input_file_ref idref="fl-32"/>
      </object_component>
      <object_component id="oc-26d">
         <name>.debug_line</name>
         <load_address>0x21ee</load_address>
         <run_address>0x21ee</run_address>
         <size>0x5b</size>
         <input_file_ref idref="fl-32"/>
      </object_component>
      <object_component id="oc-30e">
         <name>.debug_line</name>
         <load_address>0x2249</load_address>
         <run_address>0x2249</run_address>
         <size>0x5b</size>
         <input_file_ref idref="fl-32"/>
      </object_component>
      <object_component id="oc-26b">
         <name>.debug_line</name>
         <load_address>0x22a4</load_address>
         <run_address>0x22a4</run_address>
         <size>0x5b</size>
         <input_file_ref idref="fl-32"/>
      </object_component>
      <object_component id="oc-292">
         <name>.debug_line</name>
         <load_address>0x22ff</load_address>
         <run_address>0x22ff</run_address>
         <size>0xab</size>
         <input_file_ref idref="fl-32"/>
      </object_component>
      <object_component id="oc-1b1">
         <name>.debug_line</name>
         <load_address>0x23aa</load_address>
         <run_address>0x23aa</run_address>
         <size>0x9f</size>
         <input_file_ref idref="fl-34"/>
      </object_component>
      <object_component id="oc-2c6">
         <name>.debug_line</name>
         <load_address>0x2449</load_address>
         <run_address>0x2449</run_address>
         <size>0x6f</size>
         <input_file_ref idref="fl-34"/>
      </object_component>
      <object_component id="oc-138">
         <name>.debug_line</name>
         <load_address>0x24b8</load_address>
         <run_address>0x24b8</run_address>
         <size>0x50</size>
         <input_file_ref idref="fl-35"/>
      </object_component>
      <object_component id="oc-1b9">
         <name>.debug_line</name>
         <load_address>0x2508</load_address>
         <run_address>0x2508</run_address>
         <size>0x81</size>
         <input_file_ref idref="fl-35"/>
      </object_component>
      <object_component id="oc-1f9">
         <name>.debug_line</name>
         <load_address>0x2589</load_address>
         <run_address>0x2589</run_address>
         <size>0xc0</size>
         <input_file_ref idref="fl-35"/>
      </object_component>
      <object_component id="oc-1a7">
         <name>.debug_line</name>
         <load_address>0x2649</load_address>
         <run_address>0x2649</run_address>
         <size>0x24e</size>
         <input_file_ref idref="fl-38"/>
      </object_component>
      <object_component id="oc-24a">
         <name>.debug_line</name>
         <load_address>0x2897</load_address>
         <run_address>0x2897</run_address>
         <size>0x72</size>
         <input_file_ref idref="fl-38"/>
      </object_component>
      <object_component id="oc-2bf">
         <name>.debug_line</name>
         <load_address>0x2909</load_address>
         <run_address>0x2909</run_address>
         <size>0x161</size>
         <input_file_ref idref="fl-38"/>
      </object_component>
      <object_component id="oc-24d">
         <name>.debug_line</name>
         <load_address>0x2a6a</load_address>
         <run_address>0x2a6a</run_address>
         <size>0x62</size>
         <input_file_ref idref="fl-39"/>
      </object_component>
      <object_component id="oc-197">
         <name>.debug_line</name>
         <load_address>0x2acc</load_address>
         <run_address>0x2acc</run_address>
         <size>0x82</size>
         <input_file_ref idref="fl-3b"/>
      </object_component>
      <object_component id="oc-17d">
         <name>.debug_line</name>
         <load_address>0x2b4e</load_address>
         <run_address>0x2b4e</run_address>
         <size>0x82</size>
         <input_file_ref idref="fl-3b"/>
      </object_component>
      <object_component id="oc-18a">
         <name>.debug_line</name>
         <load_address>0x2bd0</load_address>
         <run_address>0x2bd0</run_address>
         <size>0x82</size>
         <input_file_ref idref="fl-3b"/>
      </object_component>
      <object_component id="oc-298">
         <name>.debug_line</name>
         <load_address>0x2c52</load_address>
         <run_address>0x2c52</run_address>
         <size>0x21</size>
         <input_file_ref idref="fl-3b"/>
      </object_component>
      <object_component id="oc-1ff">
         <name>.debug_line</name>
         <load_address>0x2c73</load_address>
         <run_address>0x2c73</run_address>
         <size>0x32</size>
         <input_file_ref idref="fl-3f"/>
      </object_component>
      <object_component id="oc-205">
         <name>.debug_line</name>
         <load_address>0x2ca5</load_address>
         <run_address>0x2ca5</run_address>
         <size>0x32</size>
         <input_file_ref idref="fl-3f"/>
      </object_component>
      <object_component id="oc-20c">
         <name>.debug_line</name>
         <load_address>0x2cd7</load_address>
         <run_address>0x2cd7</run_address>
         <size>0x32</size>
         <input_file_ref idref="fl-3f"/>
      </object_component>
      <object_component id="oc-201">
         <name>.debug_line</name>
         <load_address>0x2d09</load_address>
         <run_address>0x2d09</run_address>
         <size>0x32</size>
         <input_file_ref idref="fl-3f"/>
      </object_component>
      <object_component id="oc-203">
         <name>.debug_line</name>
         <load_address>0x2d3b</load_address>
         <run_address>0x2d3b</run_address>
         <size>0x32</size>
         <input_file_ref idref="fl-3f"/>
      </object_component>
      <object_component id="oc-207">
         <name>.debug_line</name>
         <load_address>0x2d6d</load_address>
         <run_address>0x2d6d</run_address>
         <size>0x32</size>
         <input_file_ref idref="fl-3f"/>
      </object_component>
      <object_component id="oc-109">
         <name>.debug_line</name>
         <load_address>0x2d9f</load_address>
         <run_address>0x2d9f</run_address>
         <size>0x6a3</size>
         <input_file_ref idref="fl-3f"/>
      </object_component>
      <object_component id="oc-159">
         <name>.debug_line</name>
         <load_address>0x3442</load_address>
         <run_address>0x3442</run_address>
         <size>0x4a</size>
         <input_file_ref idref="fl-3f"/>
      </object_component>
      <object_component id="oc-15d">
         <name>.debug_line</name>
         <load_address>0x348c</load_address>
         <run_address>0x348c</run_address>
         <size>0x53</size>
         <input_file_ref idref="fl-3f"/>
      </object_component>
      <object_component id="oc-10e">
         <name>.debug_line</name>
         <load_address>0x34df</load_address>
         <run_address>0x34df</run_address>
         <size>0x29e</size>
[...]
      </symbol>
      <symbol id="sm-50c">
         <name>phi_</name>
         <value>0x1011c</value>
         <object_component_ref idref="oc-13d"/>
      </symbol>
      <symbol id="sm-50d">
         <name>BaseBoardInit</name>
         <value>0xe1130</value>
         <object_component_ref idref="oc-105"/>
      </symbol>
      <symbol id="sm-50e">
         <name>luenberger_load_observer</name>
         <value>0xe0faf</value>
         <object_component_ref idref="oc-105"/>
      </symbol>
      <symbol id="sm-50f">
         <name>eso_update</name>
         <value>0xe0edf</value>
         <object_component_ref idref="oc-105"/>
      </symbol>
      <symbol id="sm-510">
         <name>ADCB_init</name>
         <value>0xe116d</value>
         <object_component_ref idref="oc-105"/>
      </symbol>
      <symbol id="sm-511">
         <name>force_ramp_generator_</name>
         <value>0x1018c</value>
         <object_component_ref idref="oc-13d"/>
      </symbol>
      <symbol id="sm-512">
         <name>x22</name>
         <value>0x10084</value>
         <object_component_ref idref="oc-146"/>
      </symbol>
      <symbol id="sm-513">
         <name>ScheduleDriveInit</name>
         <value>0xe10e8</value>
         <object_component_ref idref="oc-105"/>
      </symbol>
      <symbol id="sm-514">
         <name>Task50usTime</name>
         <value>0x10098</value>
         <object_component_ref idref="oc-146"/>
      </symbol>
      <symbol id="sm-515">
         <name>x11</name>
         <value>0x10082</value>
         <object_component_ref idref="oc-146"/>
      </symbol>
      <symbol id="sm-516">
         <name>actual_positon</name>
         <value>0x10164</value>
         <object_component_ref idref="oc-13d"/>
      </symbol>
      <symbol id="sm-517">
         <name>DifferentiateDiscreteSignal</name>
         <value>0xe0e53</value>
         <object_component_ref idref="oc-105"/>
      </symbol>
      <symbol id="sm-518">
         <name>Tl</name>
         <value>0x10154</value>
         <object_component_ref idref="oc-13d"/>
      </symbol>
      <symbol id="sm-519">
         <name>Te</name>
         <value>0x10152</value>
         <object_component_ref idref="oc-13d"/>
      </symbol>
      <symbol id="sm-51a">
         <name>velocity_</name>
         <value>0x10116</value>
         <object_component_ref idref="oc-13d"/>
      </symbol>
      <symbol id="sm-51b">
         <name>last_traj_position_flag</name>
         <value>0x10100</value>
         <object_component_ref idref="oc-13d"/>
      </symbol>
      <symbol id="sm-51c">
         <name>ipcCPU1ToCPU2Data</name>
         <value>0x3a088</value>
         <object_component_ref idref="oc-140"/>
      </symbol>
      <symbol id="sm-51d">
         <name>TorqueSensorSigleAdSample</name>
         <value>0x10124</value>
         <object_component_ref idref="oc-13d"/>
      </symbol>
      <symbol id="sm-51e">
         <name>sign</name>
         <value>0xe0d91</value>
         <object_component_ref idref="oc-105"/>
      </symbol>
      <symbol id="sm-51f">
         <name>TorqueSensorSumTick</name>
         <value>0x10105</value>
         <object_component_ref idref="oc-13d"/>
      </symbol>
      <symbol id="sm-520">
         <name>ipcCPU2ToCPU1Data</name>
         <value>0x3b088</value>
         <object_component_ref idref="oc-14f"/>
      </symbol>
      <symbol id="sm-521">
         <name>dw_est</name>
         <value>0x1014e</value>
         <object_component_ref idref="oc-13d"/>
      </symbol>
      <symbol id="sm-522">
         <name>TorqueSensorDiffAd_derived</name>
         <value>0x10172</value>
         <object_component_ref idref="oc-13d"/>
      </symbol>
      <symbol id="sm-523">
         <name>friction_force</name>
         <value>0x1016c</value>
         <object_component_ref idref="oc-13d"/>
      </symbol>
      <symbol id="sm-524">
         <name>w</name>
         <value>0x1015c</value>
         <object_component_ref idref="oc-13d"/>
      </symbol>
      <symbol id="sm-525">
         <name>r</name>
         <value>0x10140</value>
         <object_component_ref idref="oc-13d"/>
      </symbol>
      <symbol id="sm-526">
         <name>h</name>
         <value>0x1013e</value>
         <object_component_ref idref="oc-13d"/>
      </symbol>
      <symbol id="sm-527">
         <name>B</name>
         <value>0x10156</value>
         <object_component_ref idref="oc-13d"/>
      </symbol>
      <symbol id="sm-528">
         <name>w_est</name>
         <value>0x1015e</value>
         <object_component_ref idref="oc-13d"/>
      </symbol>
      <symbol id="sm-529">
         <name>t_</name>
         <value>0x10110</value>
         <object_component_ref idref="oc-13d"/>
      </symbol>
      <symbol id="sm-52a">
         <name>CycleLoadTimerCalcBegin</name>
         <value>0xe2009</value>
         <object_component_ref idref="oc-155"/>
      </symbol>
      <symbol id="sm-52b">
         <name>acceleration_</name>
         <value>0x10114</value>
         <object_component_ref idref="oc-13d"/>
      </symbol>
      <symbol id="sm-52c">
         <name>LastCanFdInitSetFlag</name>
         <value>0x1011e</value>
         <object_component_ref idref="oc-13d"/>
      </symbol>
      <symbol id="sm-52d">
         <name>TorqueSensorDiffAd_pu_filter</name>
         <value>0x10136</value>
         <object_component_ref idref="oc-13d"/>
      </symbol>
      <symbol id="sm-52e">
         <name>timer_callbakc</name>
         <value>0xe1014</value>
         <object_component_ref idref="oc-105"/>
      </symbol>
      <symbol id="sm-52f">
         <name>diff_torque_offset</name>
         <value>0x1012c</value>
         <object_component_ref idref="oc-13d"/>
      </symbol>
      <symbol id="sm-530">
         <name>single_torque_offset</name>
         <value>0x1012e</value>
         <object_component_ref idref="oc-13d"/>
      </symbol>
      <symbol id="sm-531">
         <name>ramp_generator_</name>
         <value>0x10180</value>
         <object_component_ref idref="oc-13d"/>
      </symbol>
      <symbol id="sm-532">
         <name>filter_force</name>
         <value>0x10090</value>
         <object_component_ref idref="oc-146"/>
      </symbol>
      <symbol id="sm-533">
         <name>TestFr_Disturbance</name>
         <value>0xe0d35</value>
         <object_component_ref idref="oc-105"/>
      </symbol>
      <symbol id="sm-534">
         <name>x11_pre</name>
         <value>0x1013a</value>
         <object_component_ref idref="oc-13d"/>
      </symbol>
      <symbol id="sm-535">
         <name>pd_control</name>
         <value>0xe0f53</value>
         <object_component_ref idref="oc-105"/>
      </symbol>
      <symbol id="sm-536">
         <name>main</name>
         <value>0xe0cef</value>
         <object_component_ref idref="oc-105"/>
      </symbol>
      <symbol id="sm-537">
         <name>TorqueSensorDiffAd_pu</name>
         <value>0x10134</value>
         <object_component_ref idref="oc-13d"/>
      </symbol>
      <symbol id="sm-538">
         <name>initFilter</name>
         <value>0xe0c9e</value>
         <object_component_ref idref="oc-105"/>
      </symbol>
      <symbol id="sm-539">
         <name>TINT0_isr</name>
         <value>0x14000</value>
         <object_component_ref idref="oc-104"/>
      </symbol>
      <symbol id="sm-53a">
         <name>filter</name>
         <value>0x1008c</value>
         <object_component_ref idref="oc-146"/>
      </symbol>
      <symbol id="sm-53b">
         <name>LastCanFdStartSetFlag</name>
         <value>0x10120</value>
         <object_component_ref idref="oc-13d"/>
      </symbol>
      <symbol id="sm-53c">
         <name>position_</name>
         <value>0x10118</value>
         <object_component_ref idref="oc-13d"/>
      </symbol>
      <symbol id="sm-53d">
         <name>TorqueSensorDiffAd</name>
         <value>0x10126</value>
         <object_component_ref idref="oc-13d"/>
      </symbol>
      <symbol id="sm-53e">
         <name>postion_offset</name>
         <value>0x10166</value>
         <object_component_ref idref="oc-13d"/>
      </symbol>
      <symbol id="sm-53f">
         <name>TorqueSensorDiffAd_estimate</name>
         <value>0x1016e</value>
         <object_component_ref idref="oc-13d"/>
      </symbol>
      <symbol id="sm-540">
         <name>x22_pre</name>
         <value>0x1013c</value>
         <object_component_ref idref="oc-13d"/>
      </symbol>
      <symbol id="sm-541">
         <name>delta_TorqueSensorDiffAd</name>
         <value>0x10170</value>
         <object_component_ref idref="oc-13d"/>
      </symbol>
      <symbol id="sm-542">
         <name>TorqueSensorSigleAd_pu</name>
         <value>0x10132</value>
         <object_component_ref idref="oc-13d"/>
      </symbol>
      <symbol id="sm-543">
         <name>xx22</name>
         <value>0x10088</value>
         <object_component_ref idref="oc-146"/>
      </symbol>
      <symbol id="sm-544">
         <name>xx11</name>
         <value>0x10086</value>
         <object_component_ref idref="oc-146"/>
      </symbol>
      <symbol id="sm-545">
         <name>user_torque_setpoint</name>
         <value>0x1016a</value>
         <object_component_ref idref="oc-13d"/>
      </symbol>
      <symbol id="sm-546">
         <name>omega_</name>
         <value>0x10112</value>
         <object_component_ref idref="oc-13d"/>
      </symbol>
      <symbol id="sm-547">
         <name>A_</name>
         <value>0x1011a</value>
         <object_component_ref idref="oc-13d"/>
      </symbol>
      <symbol id="sm-548">
         <name>TorqueSensorDiffAdSum</name>
         <value>0x1012a</value>
         <object_component_ref idref="oc-13d"/>
      </symbol>
      <symbol id="sm-549">
         <name>dTl</name>
         <value>0x10150</value>
         <object_component_ref idref="oc-13d"/>
      </symbol>
      <symbol id="sm-54a">
         <name>traj_start_</name>
         <value>0x10101</value>
         <object_component_ref idref="oc-13d"/>
      </symbol>
      <symbol id="sm-54b">
         <name>g2</name>
         <value>0x1015a</value>
         <object_component_ref idref="oc-13d"/>
      </symbol>
      <symbol id="sm-54c">
         <name>g1</name>
         <value>0x10158</value>
         <object_component_ref idref="oc-13d"/>
      </symbol>
      <symbol id="sm-54d">
         <name>Task1msTime</name>
         <value>0x100a4</value>
         <object_component_ref idref="oc-146"/>
      </symbol>
      <symbol id="sm-54e">
         <name>fh</name>
         <value>0x10080</value>
         <object_component_ref idref="oc-146"/>
      </symbol>
      <symbol id="sm-54f">
         <name>GetParm</name>
         <value>0x10000</value>
         <object_component_ref idref="oc-149"/>
      </symbol>
      <symbol id="sm-550">
         <name>is_first_torqute_init_</name>
         <value>0x10106</value>
         <object_component_ref idref="oc-13d"/>
      </symbol>
      <symbol id="sm-551">
         <name>CycleLoadTimerCalcEnd</name>
         <value>0xe1e7e</value>
         <object_component_ref idref="oc-15c"/>
      </symbol>
      <symbol id="sm-552">
         <name>Task1msTick</name>
         <value>0x10102</value>
         <object_component_ref idref="oc-13d"/>
      </symbol>
      <symbol id="sm-553">
         <name>traj</name>
         <value>0xe0c01</value>
         <object_component_ref idref="oc-105"/>
      </symbol>
      <symbol id="sm-554">
         <name>calculate_friction_force</name>
         <value>0xe0c81</value>
         <object_component_ref idref="oc-105"/>
      </symbol>
      <symbol id="sm-555">
         <name>step_update</name>
         <value>0xe10a8</value>
         <object_component_ref idref="oc-105"/>
      </symbol>
      <symbol id="sm-556">
         <name>TorqueSensorSigleAdSum</name>
         <value>0x10130</value>
         <object_component_ref idref="oc-13d"/>
      </symbol>
      <symbol id="sm-557">
         <name>adrc_control</name>
         <value>0xe0f77</value>
         <object_component_ref idref="oc-105"/>
      </symbol>
      <symbol id="sm-558">
         <name>TorqueSensorDiffAdSample</name>
         <value>0x10122</value>
         <object_component_ref idref="oc-13d"/>
      </symbol>
      <symbol id="sm-559">
         <name>torque_source</name>
         <value>0x10109</value>
         <object_component_ref idref="oc-13d"/>
      </symbol>
      <symbol id="sm-55a">
         <name>plant_model</name>
         <value>0xe0ea1</value>
         <object_component_ref idref="oc-105"/>
      </symbol>
      <symbol id="sm-55b">
         <name>xxx2</name>
         <value>0x1008a</value>
         <object_component_ref idref="oc-146"/>
      </symbol>
      <symbol id="sm-55c">
         <name>speed_stop_flag_</name>
         <value>0x1010d</value>
         <object_component_ref idref="oc-13d"/>
      </symbol>
      <symbol id="sm-55d">
         <name>is_sin_wave</name>
         <value>0x10107</value>
         <object_component_ref idref="oc-13d"/>
      </symbol>
      <symbol id="sm-55e">
         <name>LastTask1msTick</name>
         <value>0x10104</value>
         <object_component_ref idref="oc-13d"/>
      </symbol>
      <symbol id="sm-55f">
         <name>gravity</name>
         <value>0x10168</value>
         <object_component_ref idref="oc-13d"/>
      </symbol>
      <symbol id="sm-560">
         <name>TorqueSensorSigleAd</name>
         <value>0x10128</value>
         <object_component_ref idref="oc-13d"/>
      </symbol>
      <symbol id="sm-561">
         <name>get_test_fre</name>
         <value>0xe0faa</value>
         <object_component_ref idref="oc-105"/>
      </symbol>
      <symbol id="sm-562">
         <name>applyFilter</name>
         <value>0xe0cd1</value>
         <object_component_ref idref="oc-105"/>
      </symbol>
      <symbol id="sm-563">
         <name>GetDatBuff</name>
         <value>0x100b0</value>
         <object_component_ref idref="oc-143"/>
      </symbol>
      <symbol id="sm-564">
         <name>stu_time</name>
         <value>0x1010c</value>
         <object_component_ref idref="oc-13d"/>
      </symbol>
      <symbol id="sm-57a">
         <name>chirp_signal_</name>
         <value>0x100d8</value>
         <object_component_ref idref="oc-14c"/>
      </symbol>
      <symbol id="sm-57b">
         <name>GenerateChirp</name>
         <value>0xe1b62</value>
         <object_component_ref idref="oc-17f"/>
      </symbol>
      <symbol id="sm-57c">
         <name>chirp_reset</name>
         <value>0xe1b32</value>
         <object_component_ref idref="oc-17f"/>
      </symbol>
      <symbol id="sm-5cf">
         <name>expl</name>
         <value>0xe11e4</value>
         <object_component_ref idref="oc-18c"/>
      </symbol>
      <symbol id="sm-5d0">
         <name>exp</name>
         <value>0xe11e4</value>
         <object_component_ref idref="oc-18c"/>
      </symbol>
      <symbol id="sm-5da">
         <name>_c_int00</name>
         <value>0xe20c0</value>
         <object_component_ref idref="oc-1e1"/>
      </symbol>
      <symbol id="sm-5db">
         <name>__stack</name>
         <value>0x400</value>
         <object_component_ref idref="oc-110"/>
      </symbol>
      <symbol id="sm-5f2">
         <name>__c28xabi_addd</name>
         <value>0xe1c58</value>
         <object_component_ref idref="oc-169"/>
      </symbol>
      <symbol id="sm-5fe">
         <name>__c28xabi_cmpd</name>
         <value>0xe1f45</value>
         <object_component_ref idref="oc-218"/>
      </symbol>
      <symbol id="sm-60c">
         <name>__c28xabi_mpyd</name>
         <value>0xe1d7f</value>
         <object_component_ref idref="oc-21d"/>
      </symbol>
      <symbol id="sm-614">
         <name>__c28xabi_subd</name>
         <value>0xe20d7</value>
         <object_component_ref idref="oc-16e"/>
      </symbol>
      <symbol id="sm-61f">
         <name>__c28xabi_dtoi</name>
         <value>0xe202b</value>
         <object_component_ref idref="oc-225"/>
      </symbol>
      <symbol id="sm-62c">
         <name>__c28xabi_ltod</name>
         <value>0xe20a4</value>
         <object_component_ref idref="oc-22a"/>
      </symbol>
      <symbol id="sm-638">
         <name>__c28xabi_ftod</name>
         <value>0xe2088</value>
         <object_component_ref idref="oc-163"/>
      </symbol>
      <symbol id="sm-644">
         <name>__c28xabi_dtof</name>
         <value>0xe1fe6</value>
         <object_component_ref idref="oc-173"/>
      </symbol>
      <symbol id="sm-657">
         <name>__c28xabi_divd</name>
         <value>0xe1cf4</value>
         <object_component_ref idref="oc-235"/>
      </symbol>
      <symbol id="sm-669">
         <name>memcpy</name>
         <value>0xe206b</value>
         <object_component_ref idref="oc-113"/>
      </symbol>
      <symbol id="sm-676">
         <name>_system_pre_init</name>
         <value>0xe2136</value>
         <object_component_ref idref="oc-279"/>
      </symbol>
      <symbol id="sm-685">
         <name>__TI_auto_init_nobinit_nopinit</name>
         <value>0xe1ef0</value>
         <object_component_ref idref="oc-2d0"/>
      </symbol>
      <symbol id="sm-694">
         <name>__TI_zero_init_nomemset</name>
         <value>0xe20e5</value>
         <object_component_ref idref="oc-11b"/>
      </symbol>
      <symbol id="sm-6a1">
         <name>__TI_decompress_none</name>
         <value>0xe2126</value>
         <object_component_ref idref="oc-d7"/>
      </symbol>
      <symbol id="sm-6b5">
         <name>__TI_decompress_lzss</name>
         <value>0xe1ec0</value>
         <object_component_ref idref="oc-d1"/>
      </symbol>
      <symbol id="sm-6cb">
         <name>C$$EXIT</name>
         <value>0xe1f6f</value>
         <object_component_ref idref="oc-286"/>
      </symbol>
      <symbol id="sm-6cc">
         <name>abort</name>
         <value>0xe1f6f</value>
         <object_component_ref idref="oc-286"/>
      </symbol>
      <symbol id="sm-6cd">
         <name>exit</name>
         <value>0xe1f71</value>
         <object_component_ref idref="oc-286"/>
      </symbol>
      <symbol id="sm-6ce">
         <name>__TI_dtors_ptr</name>
         <value>0x1019c</value>
         <object_component_ref idref="oc-302"/>
      </symbol>
      <symbol id="sm-6cf">
         <name>__TI_cleanup_ptr</name>
         <value>0x1019a</value>
         <object_component_ref idref="oc-302"/>
      </symbol>
      <symbol id="sm-6d0">
         <name>__TI_enable_exit_profile_output</name>
         <value>0x10198</value>
         <object_component_ref idref="oc-302"/>
      </symbol>
      <symbol id="sm-6e7">
         <name>_nop</name>
         <value>0xe2125</value>
         <object_component_ref idref="oc-32e"/>
      </symbol>
      <symbol id="sm-6e8">
         <name>_lock</name>
         <value>0x1019e</value>
         <object_component_ref idref="oc-305"/>
      </symbol>
      <symbol id="sm-6e9">
         <name>_unlock</name>
         <value>0x101a0</value>
         <object_component_ref idref="oc-341"/>
      </symbol>
      <symbol id="sm-6ea">
         <name>_register_lock</name>
         <value>0xe2121</value>
         <object_component_ref idref="oc-32e"/>
      </symbol>
      <symbol id="sm-6eb">
         <name>_register_unlock</name>
         <value>0xe211d</value>
         <object_component_ref idref="oc-32e"/>
      </symbol>
      <symbol id="sm-6fa">
         <name>_args_main</name>
         <value>0xe20f2</value>
         <object_component_ref idref="oc-280"/>
      </symbol>
      <symbol id="sm-706">
         <name>errno</name>
         <value>0x101a2</value>
         <object_component_ref idref="oc-23a"/>
      </symbol>
      <symbol id="sm-714">
         <name>_system_post_cinit</name>
         <value>0xe2138</value>
         <object_component_ref idref="oc-314"/>
      </symbol>
      <symbol id="sm-716">
         <name>__c_args__</name>
         <value>0x0</value>
      </symbol>
   </symbol_table>
   <title>Link successful</title>
</link_info>
