******************************************************************************
             TMS320C2000 Linker PC v22.6.1                     
******************************************************************************
>> Linked Tue Jul  2 15:12:06 2024

OUTPUT FILE NAME:   <RDS50_APP_cpu2.out>
ENTRY POINT SYMBOL: "code_start"  address: 000e0000


MEMORY CONFIGURATION

         name            origin    length      used     unused   attr    fill
----------------------  --------  ---------  --------  --------  ----  --------
PAGE 0:
  BOOT_RSVD             00000002   000001af  00000000  000001af  RWIX
  RAMM0                 000001b1   0000024f  00000000  0000024f  RWIX
  RAMM1                 00000400   00000400  00000400  00000000  RWIX
  CLATOCPURAM           00001480   00000080  00000000  00000080  RWIX
  CPUTOCLARAM           00001500   00000080  00000000  00000080  RWIX
  CLATODMARAM           00001680   00000080  00000000  00000080  RWIX
  DMATOCLARAM           00001700   00000080  00000000  00000080  RWIX
  RAMGS_DATA            00010000   00004000  000000c2  00003f3e  RWIX
  RAMGS_PROG            00014000   00006000  00000328  00005cd8  RWIX
  CPU1TOCPU2RAM         0003a000   00000800  000000a6  0000075a  RWIX
  CPU2TOCPU1RAM         0003b000   00000800  00000092  0000076e  RWIX
  CANA_MSG_RAM          00049000   00000800  00000000  00000800  RWIX
  CANB_MSG_RAM          0004b000   00000800  00000000  00000800  RWIX
  BEGIN                 000e0000   00000002  00000002  00000000  RWIX
  FLASH_ALL_SEC         000e0002   0003fffe  00002187  0003de77  RWIX
  RESET                 003fffc0   00000002  00000000  00000002  RWIX

PAGE 1:
  ADCARESULT            00000a00   00000048  00000000  00000048  RWIX
  ADCBRESULT            00000a80   00000048  00000048  00000000  RWIX
  ADCCRESULT            00000b00   00000048  00000000  00000048  RWIX
  CPUTIMER0             00000c00   00000008  00000008  00000000  RWIX
  CPUTIMER1             00000c08   00000008  00000008  00000000  RWIX
  CPUTIMER2             00000c10   00000008  00000008  00000000  RWIX
  PIECTRL               00000ce0   0000001a  0000001a  00000000  RWIX
  PIEVECTTABLE          00000d00   00000200  000001c0  00000040  RWIX
  DMA                   00001000   00000200  00000000  00000200  RWIX
  CLB1LOGICCFG          00002000   00000052  00000000  00000052  RWIX
  CLB1LOGICCTRL         00002100   00000040  00000000  00000040  RWIX
  CLB1DATAEXCH          00002180   00000080  00000000  00000080  RWIX
  CLB2LOGICCFG          00002200   00000052  00000000  00000052  RWIX
  CLB2LOGICCTRL         00002300   00000040  00000000  00000040  RWIX
  CLB2DATAEXCH          00002380   00000080  00000000  00000080  RWIX
  CLB3LOGICCFG          00002400   00000052  00000000  00000052  RWIX
  CLB3LOGICCTRL         00002500   00000040  00000000  00000040  RWIX
  CLB3DATAEXCH          00002580   00000080  00000000  00000080  RWIX
  CLB4LOGICCFG          00002600   00000052  00000000  00000052  RWIX
  CLB4LOGICCTRL         00002700   00000040  00000000  00000040  RWIX
  CLB4DATAEXCH          00002780   00000080  00000000  00000080  RWIX
  CLB5LOGICCFG          00002800   00000052  00000000  00000052  RWIX
  CLB5LOGICCTRL         00002900   00000040  00000000  00000040  RWIX
  CLB5DATAEXCH          00002980   00000080  00000000  00000080  RWIX
  CLB6LOGICCFG          00002a00   00000052  00000000  00000052  RWIX
  CLB6LOGICCTRL         00002b00   00000040  00000000  00000040  RWIX
  CLB6DATAEXCH          00002b80   00000080  00000000  00000080  RWIX
  EPWM17                00002c00   00000100  00000000  00000100  RWIX
  EPWM18                00002e00   00000100  00000000  00000100  RWIX
  EPWM1                 00003000   00000100  00000000  00000100  RWIX
  EPWM2                 00003200   00000100  00000000  00000100  RWIX
  EPWM3                 00003400   00000100  00000000  00000100  RWIX
  EPWM4                 00003600   00000100  00000000  00000100  RWIX
  EPWM5                 00003800   00000100  00000000  00000100  RWIX
  EPWM6                 00003a00   00000100  00000000  00000100  RWIX
  EPWM7                 00003c00   00000100  00000000  00000100  RWIX
  EPWM8                 00003e00   00000100  00000000  00000100  RWIX
  EPWM9                 00004000   00000100  00000000  00000100  RWIX
  EPWM10                00004200   00000100  00000000  00000100  RWIX
  EPWM11                00004400   00000100  00000000  00000100  RWIX
  EPWM12                00004600   00000100  00000000  00000100  RWIX
  EPWM13                00004800   00000100  00000000  00000100  RWIX
  EPWM14                00004a00   00000100  00000000  00000100  RWIX
  EPWM15                00004c00   00000100  00000000  00000100  RWIX
  EPWM16                00004e00   00000100  00000000  00000100  RWIX
  EQEP1                 00005080   00000040  00000000  00000040  RWIX
  EQEP2                 000050c0   00000040  00000000  00000040  RWIX
  EQEP3                 00005100   00000040  00000000  00000040  RWIX
  EQEP4                 00005140   00000040  00000000  00000040  RWIX
  EQEP5                 00005180   00000040  00000000  00000040  RWIX
  EQEP6                 000051c0   00000040  00000000  00000040  RWIX
  ECAP1                 00005200   00000020  00000000  00000020  RWIX
  ECAP1SIGNALMONITORING 00005240   00000060  00000000  00000060  RWIX
  ECAP2                 00005300   00000020  00000000  00000020  RWIX
  ECAP2SIGNALMONITORING 00005340   00000060  00000000  00000060  RWIX
  ECAP3                 00005400   00000020  00000000  00000020  RWIX
  ECAP3SIGNALMONITORING 00005440   00000060  00000000  00000060  RWIX
  ECAP4                 00005500   00000020  00000000  00000020  RWIX
  ECAP4SIGNALMONITORING 00005540   00000060  00000000  00000060  RWIX
  ECAP5                 00005600   00000020  00000000  00000020  RWIX
  ECAP5SIGNALMONITORING 00005640   00000060  00000000  00000060  RWIX
  ECAP6                 00005700   00000020  00000000  00000020  RWIX
  HRCAP6                00005720   00000020  00000000  00000020  RWIX
  ECAP6SIGNALMONITORING 00005740   00000060  00000000  00000060  RWIX
  ECAP7                 00005800   00000020  00000000  00000020  RWIX
  HRCAP7                00005820   00000020  00000000  00000020  RWIX
  ECAP7SIGNALMONITORING 00005840   00000060  00000000  00000060  RWIX
  CMPSS1                00005900   00000040  00000000  00000040  RWIX
  CMPSS2                00005940   00000040  00000000  00000040  RWIX
  CMPSS3                00005980   00000040  00000000  00000040  RWIX
  CMPSS4                000059c0   00000040  00000000  00000040  RWIX
  CMPSS5                00005a00   00000040  00000000  00000040  RWIX
  CMPSS6                00005a40   00000040  00000000  00000040  RWIX
  CMPSS7                00005a80   00000040  00000000  00000040  RWIX
  CMPSS8                00005ac0   00000040  00000000  00000040  RWIX
  CMPSS9                00005b00   00000040  00000000  00000040  RWIX
  CMPSS10               00005b40   00000040  00000000  00000040  RWIX
  CMPSS11               00005b80   00000040  00000000  00000040  RWIX
  DACA                  00005c00   00000008  00000000  00000008  RWIX
  DACC                  00005c20   00000008  00000000  00000008  RWIX
  HRPWMCAL1             00005c80   00000040  00000000  00000040  RWIX
  HRPWMCAL2             00005cc0   00000040  00000000  00000040  RWIX
  HRPWMCAL3             00005d00   00000040  00000000  00000040  RWIX
  SDFM1                 00005e00   00000080  00000000  00000080  RWIX
  SDFM2                 00005e80   00000080  00000000  00000080  RWIX
  SDFM3                 00005f00   00000080  00000000  00000080  RWIX
  SDFM4                 00005f80   00000080  00000000  00000080  RWIX
  SPIA                  00006100   00000010  00000000  00000010  RWIX
  SPIB                  00006110   00000010  00000000  00000010  RWIX
  SPIC                  00006120   00000010  00000000  00000010  RWIX
  SPID                  00006130   00000010  00000000  00000010  RWIX
  BGCRCCPU              00006340   00000040  00000000  00000040  RWIX
  PMBUSA                00006400   00000020  00000000  00000020  RWIX
  FSITXA                00006600   00000050  00000000  00000050  RWIX
  FSIRXA                00006680   00000050  00000000  00000050  RWIX
  FSITXB                00006700   00000050  00000000  00000050  RWIX
  FSIRXB                00006780   00000050  00000000  00000050  RWIX
  FSIRXC                00006880   00000050  00000000  00000050  RWIX
  FSIRXD                00006980   00000050  00000000  00000050  RWIX
  LINA                  00006e00   000000ec  00000000  000000ec  RWIX
  LINB                  00006f00   000000ec  00000000  000000ec  RWIX
  WD                    00007000   0000002c  0000002b  00000001  RWIX
  NMIINTRUPT            00007060   00000010  00000000  00000010  RWIX
  XINT                  00007070   0000000c  00000000  0000000c  RWIX
  SCIA                  00007200   00000010  00000000  00000010  RWIX
  SCIB                  00007210   00000010  00000000  00000010  RWIX
  I2CA                  00007300   00000022  00000000  00000022  RWIX
  I2CB                  00007340   00000022  00000000  00000022  RWIX
  ADCA                  00007400   00000100  00000000  00000100  RWIX
  ADCB                  00007500   00000100  00000000  00000100  RWIX
  ADCC                  00007600   00000100  00000000  00000100  RWIX
  DMACLASRCSEL          00007980   0000001a  00000000  0000001a  RWIX
  GPIODATA              00007f00   00000040  00000000  00000040  RWIX
  GPIODATAREAD          00007f80   00000010  00000000  00000010  RWIX
  LFU                   00007fe0   00000020  00000000  00000020  RWIX
  CANA                  00048000   00000200  00000000  00000200  RWIX
  LCMCPU2               0004c800   00000180  00000000  00000180  RWIX
  LCMCPU2DMA1           0004e800   00000180  00000000  00000180  RWIX
  ESCSS                 00057e00   00000024  00000000  00000024  RWIX
  ESCSSCONFIG           00057f00   00000016  00000000  00000016  RWIX
  MCANASS               0005a400   0000002c  00000000  0000002c  RWIX
  MCANA                 0005a600   00000100  00000000  00000100  RWIX
  MCANAERROR            0005a800   00000210  00000000  00000210  RWIX
  MCANBSS               0005c400   0000002c  00000000  0000002c  RWIX
  MCANB                 0005c600   00000100  00000000  00000100  RWIX
  MCANBERROR            0005c800   00000210  00000000  00000210  RWIX
  CPU2TOCPU1IPC         0005ce00   00000026  00000000  00000026  RWIX
  DEVCFG                0005d000   000001e8  00000000  000001e8  RWIX
  CLKCFG                0005d200   00000100  00000044  000000bc  RWIX
  CPUSYS                0005d300   00000100  000000a6  0000005a  RWIX
  SYSSTATUS             0005d400   00000050  00000000  00000050  RWIX
  PERIPHAC              0005d500   00000200  00000000  00000200  RWIX
  DCC0                  0005e700   00000038  00000000  00000038  RWIX
  DCC1                  0005e740   00000038  00000000  00000038  RWIX
  DCC2                  0005e780   00000038  00000000  00000038  RWIX
  ERADGLOBAL            0005e800   00000014  00000000  00000014  RWIX
  ERADHWBP1             0005e900   00000008  00000000  00000008  RWIX
  ERADHWBP2             0005e908   00000008  00000000  00000008  RWIX
  ERADHWBP3             0005e910   00000008  00000000  00000008  RWIX
  ERADHWBP4             0005e918   00000008  00000000  00000008  RWIX
  ERADHWBP5             0005e920   00000008  00000000  00000008  RWIX
  ERADHWBP6             0005e928   00000008  00000000  00000008  RWIX
  ERADHWBP7             0005e930   00000008  00000000  00000008  RWIX
  ERADHWBP8             0005e938   00000008  00000000  00000008  RWIX
  ERADCOUNTER1          0005e980   00000010  00000000  00000010  RWIX
  ERADCOUNTER2          0005e990   00000010  00000000  00000010  RWIX
  ERADCOUNTER3          0005e9a0   00000010  00000000  00000010  RWIX
  ERADCOUNTER4          0005e9b0   00000010  00000000  00000010  RWIX
  ERADCRCGLOBAL         0005ea00   00000010  00000000  00000010  RWIX
  ERADCRC1              0005ea10   00000010  00000000  00000010  RWIX
  ERADCRC2              0005ea20   00000010  00000000  00000010  RWIX
  ERADCRC3              0005ea30   00000010  00000000  00000010  RWIX
  ERADCRC4              0005ea40   00000010  00000000  00000010  RWIX
  ERADCRC5              0005ea50   00000010  00000000  00000010  RWIX
  ERADCRC6              0005ea60   00000010  00000000  00000010  RWIX
  ERADCRC7              0005ea70   00000010  00000000  00000010  RWIX
  ERADCRC8              0005ea80   00000010  00000000  00000010  RWIX
  ERADPCTRACE           0005ead0   0000000a  00000000  0000000a  RWIX
  ADCSAFETYINTEVTAGG2   0005ee40   00000040  00000000  00000040  RWIX
  ADCSAFETYCHK1         0005ee80   00000010  00000000  00000010  RWIX
  ADCSAFETYCHK2         0005ee90   00000010  00000000  00000010  RWIX
  ADCSAFETYCHK3         0005eea0   00000010  00000000  00000010  RWIX
  ADCSAFETYCHK4         0005eeb0   00000010  00000000  00000010  RWIX
  ADCSAFETYCHK5         0005eec0   00000010  00000000  00000010  RWIX
  ADCSAFETYCHK6         0005eed0   00000010  00000000  00000010  RWIX
  ADCSAFETYCHK7         0005eee0   00000010  00000000  00000010  RWIX
  ADCSAFETYCHK8         0005eef0   00000010  00000000  00000010  RWIX
  DCSMZ1                0005f000   00000040  00000000  00000040  RWIX
  DCSMZ2                0005f080   00000040  00000000  00000040  RWIX
  DCSMCOMMON            0005f0c0   00000046  00000000  00000046  RWIX
  MEMCFG                0005f400   000000c0  00000000  000000c0  RWIX
  EMIF1CONFIG           0005f4c0   00000020  00000000  00000020  RWIX
  ACCESSPROTECTION      0005f500   0000003e  00000000  0000003e  RWIX
  MEMORYERROR           0005f540   00000040  00000000  00000040  RWIX
  ROMWAITSTATE          0005f580   00000002  00000000  00000002  RWIX
  TESTERROR             0005f590   00000010  00000000  00000010  RWIX
  FLASH0CTRL            0005f800   00000182  00000182  00000000  RWIX
  FLASH0ECC             0005fb00   00000028  00000022  00000006  RWIX
  UARTA                 0006a000   00000800  00000000  00000800  RWIX
  UARTB                 0006a800   00000800  00000000  00000800  RWIX


SECTION ALLOCATION MAP

 output                                  attributes/
section   page    origin      length       input sections
--------  ----  ----------  ----------   ----------------
codestart 
*          0    000e0000    00000002     
                  000e0000    00000002     f28p65x_codestartbranch.obj (codestart)

.cinit     0    000e2168    0000002c     
                  000e2168    00000019     (.cinit..data.load) [load image, compression = lzss]
                  000e2181    00000001     --HOLE-- [fill = 0]
                  000e2182    00000006     (__TI_handler_table)
                  000e2188    00000004     (.cinit..bss.load) [load image, compression = zero_init]
                  000e218c    00000008     (__TI_cinit_table)

.reset     0    003fffc0    00000000     DSECT

.stack     0    00000400    00000400     UNINITIALIZED
                  00000400    00000400     --HOLE--

.bss       0    00010000    0000006a     UNINITIALIZED
                  00010000    0000002a     main.obj (.bss)
                  0001002a    00000028     main.obj (.bss:GetDatBuff)
                  00010052    00000018     f28p65x_cputimers.obj (.bss)

.init_array 
*          0    000e0008    00000000     UNINITIALIZED

.data      0    0001006a    00000058     UNINITIALIZED
                  0001006a    00000006     rts2800_fpu32_eabi.lib : exit.c.obj (.data)
                  00010070    00000002                            : _lock.c.obj (.data:_lock)
                  00010072    00000002                            : _lock.c.obj (.data:_unlock)
                  00010074    00000001                            : errno.c.obj (.data)
                  00010075    0000000b     --HOLE--
                  00010080    00000042     main.obj (.data)

.const     0    000e0008    0000029c     
                  000e0008    00000008     rts2800_fpu32_eabi.lib : e_exp.c.obj (.const:halF)
                  000e0010    00000008                            : e_exp.c.obj (.const:ln2HI)
                  000e0018    00000008                            : e_exp.c.obj (.const:ln2LO)
                  000e0020    00000020     --HOLE-- [fill = 0]
                  000e0040    000001c0     f28p65x_pievect.obj (.const)
                  000e0200    00000060     rts2800_fpu32_eabi.lib : e_exp.c.obj (.const)
                  000e0260    00000044     ipc.obj (.const:IPC_Instance)

MSGRAM_CPU1_TO_CPU2 
*          0    0003a000    000000a6     UNINITIALIZED
                  0003a000    00000088     ipc.obj (MSGRAM_CPU1_TO_CPU2)
                  0003a088    0000001e     main.obj (MSGRAM_CPU1_TO_CPU2)

MSGRAM_CPU2_TO_CPU1 
*          0    0003b000    00000092     UNINITIALIZED
                  0003b000    00000088     ipc.obj (MSGRAM_CPU2_TO_CPU1)
                  0003b088    0000000a     main.obj (MSGRAM_CPU2_TO_CPU1)

.TI.ramfunc 
*          0    000e1e40    00000328     RUN ADDR = 00014000
                  000e1e40    00000277     main.obj (.TI.ramfunc:retain)
                  000e20b7    0000008a     flash.obj (.TI.ramfunc)
                  000e2141    0000001f     f28p65x_sysctrl.obj (.TI.ramfunc)
                  000e2160    00000004     f28p65x_usdelay.obj (.TI.ramfunc)
                  000e2164    00000004     sysctl.obj (.TI.ramfunc)

AdcbResultRegsFile 
*          1    00000a80    00000048     UNINITIALIZED
                  00000a80    00000048     f28p65x_globalvariabledefs.obj (AdcbResultRegsFile)

ClkCfgRegsFile 
*          1    0005d200    00000044     UNINITIALIZED
                  0005d200    00000044     f28p65x_globalvariabledefs.obj (ClkCfgRegsFile)

CpuSysRegsFile 
*          1    0005d300    000000a6     UNINITIALIZED
                  0005d300    000000a6     f28p65x_globalvariabledefs.obj (CpuSysRegsFile)

CpuTimer0RegsFile 
*          1    00000c00    00000008     UNINITIALIZED
                  00000c00    00000008     f28p65x_globalvariabledefs.obj (CpuTimer0RegsFile)

CpuTimer1RegsFile 
*          1    00000c08    00000008     UNINITIALIZED
                  00000c08    00000008     f28p65x_globalvariabledefs.obj (CpuTimer1RegsFile)

CpuTimer2RegsFile 
*          1    00000c10    00000008     UNINITIALIZED
                  00000c10    00000008     f28p65x_globalvariabledefs.obj (CpuTimer2RegsFile)

Flash0CtrlRegsFile 
*          1    0005f800    00000182     UNINITIALIZED
                  0005f800    00000182     f28p65x_globalvariabledefs.obj (Flash0CtrlRegsFile)

Flash0EccRegsFile 
*          1    0005fb00    00000022     UNINITIALIZED
                  0005fb00    00000022     f28p65x_globalvariabledefs.obj (Flash0EccRegsFile)

PieCtrlRegsFile 
*          1    00000ce0    0000001a     UNINITIALIZED
                  00000ce0    0000001a     f28p65x_globalvariabledefs.obj (PieCtrlRegsFile)

PieVectTableMainFile 
*          1    00000d00    000001c0     UNINITIALIZED
                  00000d00    000001c0     f28p65x_globalvariabledefs.obj (PieVectTableMainFile)

WdRegsFile 
*          1    00007000    0000002b     UNINITIALIZED
                  00007000    0000002b     f28p65x_globalvariabledefs.obj (WdRegsFile)

.text      0    000e02a8    00001b97     
                  000e02a8    000007dd     f28p65x_defaultisr.obj (.text:retain)
                  000e0a85    00000596     main.obj (.text)
                  000e101b    0000027b     rts2800_fpu32_eabi.lib : e_exp.c.obj (.text)
                  000e1296    000001ec     ipc.obj (.text)
                  000e1482    000001cd     adc.obj (.text)
                  000e164f    000001a7     f28p65x_sysctrl.obj (.text)
                  000e17f6    00000173     interrupt.obj (.text)
                  000e1969    0000009c     rts2800_fpu32_eabi.lib : fd_add28.asm.obj (.text)
                  000e1a05    0000008b                            : fd_div28.asm.obj (.text)
                  000e1a90    00000083                            : fd_mpy28.asm.obj (.text)
                  000e1b13    0000007c     f28p65x_cputimers.obj (.text)
                  000e1b8f    00000042     main.obj (.text:CycleLoadTimerCalcEnd)
                  000e1bd1    00000030     rts2800_fpu32_eabi.lib : copy_decompress_lzss.c.obj (.text:decompress:lzss)
                  000e1c01    0000002b                            : autoinit.c.obj (.text:__TI_auto_init_nobinit_nopinit)
                  000e1c2c    0000002a     interrupt.obj (.text:retain)
                  000e1c56    0000002a     rts2800_fpu32_eabi.lib : fd_cmp28.asm.obj (.text)
                  000e1c80    00000029                            : exit.c.obj (.text)
                  000e1ca9    00000028     f28p65x_piectrl.obj (.text)
                  000e1cd1    00000026     f28p65x_pievect.obj (.text)
                  000e1cf7    00000023     rts2800_fpu32_eabi.lib : fd_tofsfpu32.asm.obj (.text)
                  000e1d1a    00000022     main.obj (.text:CycleLoadTimerCalcBegin)
                  000e1d3c    00000021     rts2800_fpu32_eabi.lib : fd_toi28.asm.obj (.text)
                  000e1d5d    0000001f     flash.obj (.text)
                  000e1d7c    0000001d     rts2800_fpu32_eabi.lib : memcpy.c.obj (.text)
                  000e1d99    0000001c                            : fs_tofdfpu32.asm.obj (.text)
                  000e1db5    0000001c                            : l_tofd28.asm.obj (.text)
                  000e1dd1    00000017                            : boot28.asm.obj (.text)
                  000e1de8    0000000e                            : fd_sub28.asm.obj (.text)
                  000e1df6    0000000d                            : copy_zero_init.c.obj (.text:decompress:ZI:__TI_zero_init_nomemset)
                  000e1e03    0000000c                            : args_main.c.obj (.text)
                  000e1e0f    0000000b     rtFrwUtilities.obj (.text:__relaxed_sinf)
                  000e1e1a    00000009     rtFrwUtilities.obj (.text:__relaxed_sqrtf)
                  000e1e23    00000009     rts2800_fpu32_eabi.lib : _lock.c.obj (.text)
                  000e1e2c    00000008                            : copy_decompress_none.c.obj (.text:decompress:none)
                  000e1e34    00000008     f28p65x_codestartbranch.obj (.text)
                  000e1e3c    00000002     rts2800_fpu32_eabi.lib : pre_init.c.obj (.text)
                  000e1e3e    00000001                            : startup.c.obj (.text)

MODULE SUMMARY

       Module                           code   ro data   rw data
       ------                           ----   -------   -------
    .\Drivers\f28p65x\driverlib\
       ipc.obj                          492    68        272    
       adc.obj                          461    0         0      
       interrupt.obj                    413    0         0      
       flash.obj                        307    0         0      
       sysctl.obj                       8      0         0      
    +--+--------------------------------+------+---------+---------+
       Total:                           1681   68        272    
                                                                
    .\Drivers\f28p65x\source\
       f28p65x_defaultisr.obj           2013   0         0      
       f28p65x_globalvariabledefs.obj   0      0         1267   
       f28p65x_pievect.obj              38     448       0      
       f28p65x_sysctrl.obj              485    0         0      
       f28p65x_cputimers.obj            124    0         24     
       f28p65x_piectrl.obj              40     0         0      
       f28p65x_codestartbranch.obj      10     0         0      
       f28p65x_usdelay.obj              8      0         0      
    +--+--------------------------------+------+---------+---------+
       Total:                           2718   448       1291   
                                                                
    .\Drivers\lib\
       rtFrwUtilities.obj               20     0         0      
    +--+--------------------------------+------+---------+---------+
       Total:                           20     0         0      
                                                                
    .\SRC\
       main.obj                         2792   0         188    
    +--+--------------------------------+------+---------+---------+
       Total:                           2792   0         188    
                                                                
    C:\ti\ccs1250\ccs\tools\compiler\ti-cgt-c2000_22.6.1.LTS\lib\rts2800_fpu32_eabi.lib
       e_exp.c.obj                      635    120       0      
       fd_add28.asm.obj                 156    0         0      
       fd_div28.asm.obj                 139    0         0      
       fd_mpy28.asm.obj                 131    0         0      
       copy_decompress_lzss.c.obj       48     0         0      
       exit.c.obj                       41     0         6      
       autoinit.c.obj                   43     0         0      
       fd_cmp28.asm.obj                 42     0         0      
       fd_tofsfpu32.asm.obj             35     0         0      
       fd_toi28.asm.obj                 33     0         0      
       memcpy.c.obj                     29     0         0      
       fs_tofdfpu32.asm.obj             28     0         0      
       l_tofd28.asm.obj                 28     0         0      
       boot28.asm.obj                   23     0         0      
       fd_sub28.asm.obj                 14     0         0      
       _lock.c.obj                      9      0         4      
       copy_zero_init.c.obj             13     0         0      
       args_main.c.obj                  12     0         0      
       copy_decompress_none.c.obj       8      0         0      
       pre_init.c.obj                   2      0         0      
       errno.c.obj                      0      0         1      
       startup.c.obj                    1      0         0      
    +--+--------------------------------+------+---------+---------+
       Total:                           1470   120       11     
                                                                
       Stack:                           0      0         1024   
       Linker Generated:                0      43        0      
    +--+--------------------------------+------+---------+---------+
       Grand Total:                     8681   679       2786   


LINKER GENERATED COPY TABLES

__TI_cinit_table @ 000e218c records: 2, size/record: 4, table size: 8
	.data: load addr=000e2168, load size=00000019 bytes, run addr=0001006a, run size=00000058 bytes, compression=lzss
	.bss: load addr=000e2188, load size=00000004 bytes, run addr=00010000, run size=0000006a bytes, compression=zero_init


LINKER GENERATED HANDLER TABLE

__TI_handler_table @ 000e2182 records: 3, size/record: 2, table size: 6
	index: 0, handler: __TI_zero_init
	index: 1, handler: __TI_decompress_lzss
	index: 2, handler: __TI_decompress_none


GLOBAL DATA SYMBOLS: SORTED BY DATA PAGE

address     data page           name
--------    ----------------    ----
00000400      10 (00000400)     __stack

00000a80      2a (00000a80)     AdcbResultRegs

00000c00      30 (00000c00)     CpuTimer0Regs
00000c08      30 (00000c00)     CpuTimer1Regs
00000c10      30 (00000c00)     CpuTimer2Regs

00000ce0      33 (00000cc0)     PieCtrlRegs

00000d00      34 (00000d00)     PieVectTable

00007000     1c0 (00007000)     WdRegs

00010000     400 (00010000)     fh
00010002     400 (00010000)     x11
00010004     400 (00010000)     x22
00010006     400 (00010000)     xx11
00010008     400 (00010000)     xx22
0001000a     400 (00010000)     filter
0001000e     400 (00010000)     filter_force
00010012     400 (00010000)     Task50usTime
0001001e     400 (00010000)     Task1msTime
0001002a     400 (00010000)     GetDatBuff

00010052     401 (00010040)     CpuTimer0
0001005a     401 (00010040)     CpuTimer1
00010062     401 (00010040)     CpuTimer2
0001006a     401 (00010040)     __TI_enable_exit_profile_output
0001006c     401 (00010040)     __TI_cleanup_ptr
0001006e     401 (00010040)     __TI_dtors_ptr
00010070     401 (00010040)     _lock
00010072     401 (00010040)     _unlock
00010074     401 (00010040)     errno

00010080     402 (00010080)     Task1msTick
00010081     402 (00010080)     Task10msTick
00010082     402 (00010080)     LastTask1msTick
00010083     402 (00010080)     TorqueSensorSumTick
00010084     402 (00010080)     is_first_torqute_init_
00010085     402 (00010080)     is_sin_wave
00010087     402 (00010080)     torque_source
0001008c     402 (00010080)     LastCanFdInitSetFlag
0001008e     402 (00010080)     LastCanFdStartSetFlag
00010090     402 (00010080)     TorqueSensorDiffAdSample
00010092     402 (00010080)     TorqueSensorSigleAdSample
00010094     402 (00010080)     TorqueSensorDiffAd
00010096     402 (00010080)     TorqueSensorSigleAd
00010098     402 (00010080)     TorqueSensorDiffAdSum
0001009a     402 (00010080)     diff_torque_offset
0001009c     402 (00010080)     single_torque_offset
0001009e     402 (00010080)     TorqueSensorSigleAdSum
000100a0     402 (00010080)     TorqueSensorSigleAd_pu
000100a2     402 (00010080)     TorqueSensorDiffAd_pu
000100a4     402 (00010080)     TorqueSensorDiffAd_pu_filter
000100a8     402 (00010080)     x11_pre
000100aa     402 (00010080)     x22_pre
000100ac     402 (00010080)     h
000100ae     402 (00010080)     r

0003a000     e80 (0003a000)     IPC_CPU1_To_CPU2_PutBuffer

0003a088     e82 (0003a080)     ipcCPU1ToCPU2Data

0003b000     ec0 (0003b000)     IPC_CPU1_To_CPU2_GetBuffer

0003b088     ec2 (0003b080)     ipcCPU2ToCPU1Data

0005d200    1748 (0005d200)     ClkCfgRegs

0005d300    174c (0005d300)     CpuSysRegs

0005f800    17e0 (0005f800)     Flash0CtrlRegs

0005fb00    17ec (0005fb00)     Flash0EccRegs

000e0040    3801 (000e0040)     PieVectTableInit

000e0260    3809 (000e0240)     IPC_Instance


GLOBAL SYMBOLS: SORTED ALPHABETICALLY BY Name 

page  address   name                             
----  -------   ----                             
0     000e0366  ADCA1_ISR                        
0     000e062c  ADCA2_ISR                        
0     000e0636  ADCA3_ISR                        
0     000e0640  ADCA4_ISR                        
0     000e0622  ADCA_EVT_ISR                     
0     000e0370  ADCB1_ISR                        
0     000e0654  ADCB2_ISR                        
0     000e065e  ADCB3_ISR                        
0     000e0668  ADCB4_ISR                        
0     000e064a  ADCB_EVT_ISR                     
0     000e0fa4  ADCB_init                        
0     000e037a  ADCC1_ISR                        
0     000e09b0  ADCC2_ISR                        
0     000e09ba  ADCC3_ISR                        
0     000e09c4  ADCC4_ISR                        
0     000e09ce  ADCCHECKINT_ISR                  
0     000e09a6  ADCC_EVT_ISR                     
0     000e15fe  ADC_configureRepeater            
0     000e154b  ADC_setINLTrim                   
0     000e1537  ADC_setMode                      
0     000e15a6  ADC_setOffsetTrim                
0     000e15c8  ADC_setPPBTripLimits             
0     000e15ae  ADC_setVREF                      
0     000e14bf  ADC_setupSOCRefloChannel         
0     000e0992  AES_SINTREQUEST_ISR              
1     00000a80  AdcbResultRegs                   
0     000e0f67  BaseBoardInit                    
0     000e1c80  C$$EXIT                          
0     000e05fa  CANA0_ISR                        
0     000e0604  CANA1_ISR                        
0     000e0730  CIPC0_ISR                        
0     0001404f  CIPC1_INT_isr                    
0     000e073a  CIPC1_ISR                        
0     000e0744  CIPC2_ISR                        
0     000e074e  CIPC3_ISR                        
0     000e0a46  CLA1CRC_ISR                      
0     000e0672  CLA1_1_ISR                       
0     000e067c  CLA1_2_ISR                       
0     000e0686  CLA1_3_ISR                       
0     000e0690  CLA1_4_ISR                       
0     000e069a  CLA1_5_ISR                       
0     000e06a4  CLA1_6_ISR                       
0     000e06ae  CLA1_7_ISR                       
0     000e06b8  CLA1_8_ISR                       
0     000e0a50  CLA_OVERFLOW_ISR                 
0     000e0a5a  CLA_UNDERFLOW_ISR                
0     000e04ba  CLB1_ISR                         
0     000e04c4  CLB2_ISR                         
0     000e04ce  CLB3_ISR                         
0     000e04d8  CLB4_ISR                         
0     000e094c  CLB5_ISR                         
0     000e0956  CLB6_ISR                         
0     000e0a3c  CPUCRC_ISR                       
1     0005d200  ClkCfgRegs                       
0     000e1b54  ConfigCpuTimer                   
1     0005d300  CpuSysRegs                       
0     00010052  CpuTimer0                        
1     00000c00  CpuTimer0Regs                    
0     0001005a  CpuTimer1                        
1     00000c08  CpuTimer1Regs                    
0     00010062  CpuTimer2                        
1     00000c10  CpuTimer2Regs                    
0     000e1d1a  CycleLoadTimerCalcBegin          
0     000e1b8f  CycleLoadTimerCalcEnd            
0     000e02bc  DATALOG_ISR                      
0     000e0532  DMA_CH1_ISR                      
0     000e053c  DMA_CH2_ISR                      
0     000e0546  DMA_CH3_ISR                      
0     000e0550  DMA_CH4_ISR                      
0     000e055a  DMA_CH5_ISR                      
0     000e0564  DMA_CH6_ISR                      
0     000e0dc3  DifferentiateDiscreteSignal      
0     000e1768  DisableDog                       
0     000e173a  DisablePeripheralClocks          
0     000e044c  ECAP1_ISR                        
0     000e0456  ECAP2_ISR                        
0     000e0460  ECAP3_ISR                        
0     000e046a  ECAP4_ISR                        
0     000e0474  ECAP5_ISR                        
0     000e0a28  ECAP6_2_ISR                      
0     000e047e  ECAP6_ISR                        
0     000e0a32  ECAP7_2_ISR                      
0     000e0488  ECAP7_ISR                        
0     000e085c  ECATRST_ISR                      
0     000e071c  ECATSYNC0_ISR                    
0     000e0866  ECATSYNC1_ISR                    
0     000e0726  ECAT_ISR                         
0     000e0a6e  EMPTY_ISR                        
0     000e02d0  EMU_ISR                          
0     000e07b2  EPWM10_ISR                       
0     000e0762  EPWM10_TZ_ISR                    
0     000e07bc  EPWM11_ISR                       
0     000e076c  EPWM11_TZ_ISR                    
0     000e07c6  EPWM12_ISR                       
0     000e0776  EPWM12_TZ_ISR                    
0     000e07d0  EPWM13_ISR                       
0     000e0780  EPWM13_TZ_ISR                    
0     000e07da  EPWM14_ISR                       
0     000e078a  EPWM14_TZ_ISR                    
0     000e07e4  EPWM15_ISR                       
0     000e0794  EPWM15_TZ_ISR                    
0     000e07ee  EPWM16_ISR                       
0     000e079e  EPWM16_TZ_ISR                    
0     000e060e  EPWM17_ISR                       
0     000e05be  EPWM17_TZ_ISR                    
0     000e0618  EPWM18_ISR                       
0     000e05c8  EPWM18_TZ_ISR                    
0     000e03fc  EPWM1_ISR                        
0     000e03ac  EPWM1_TZ_ISR                     
0     000e0406  EPWM2_ISR                        
0     000e03b6  EPWM2_TZ_ISR                     
0     000e0410  EPWM3_ISR                        
0     000e03c0  EPWM3_TZ_ISR                     
0     000e041a  EPWM4_ISR                        
0     000e03ca  EPWM4_TZ_ISR                     
0     000e0424  EPWM5_ISR                        
0     000e03d4  EPWM5_TZ_ISR                     
0     000e042e  EPWM6_ISR                        
0     000e03de  EPWM6_TZ_ISR                     
0     000e0438  EPWM7_ISR                        
0     000e03e8  EPWM7_TZ_ISR                     
0     000e0442  EPWM8_ISR                        
0     000e03f2  EPWM8_TZ_ISR                     
0     000e07a8  EPWM9_ISR                        
0     000e0758  EPWM9_TZ_ISR                     
0     000e0492  EQEP1_ISR                        
0     000e049c  EQEP2_ISR                        
0     000e04a6  EQEP3_ISR                        
0     000e04b0  EQEP4_ISR                        
0     000e056e  EQEP5_ISR                        
0     000e0578  EQEP6_ISR                        
0     000e1cc8  EnableInterrupts                 
0     00014320  F28x_usDelay                     
0     000e06ea  FLSS_ISR                         
0     000e06f4  FPU_OVERFLOW_ISR                 
0     000e06fe  FPU_UNDERFLOW_ISR                
0     000e0820  FSIRXA1_ISR                      
0     000e082a  FSIRXA2_ISR                      
0     000e0834  FSIRXB1_ISR                      
0     000e083e  FSIRXB2_ISR                      
0     000e08e8  FSIRXC1_ISR                      
0     000e08f2  FSIRXC2_ISR                      
0     000e08fc  FSIRXD1_ISR                      
0     000e0906  FSIRXD2_ISR                      
0     000e07f8  FSITXA1_ISR                      
0     000e0802  FSITXA2_ISR                      
0     000e080c  FSITXB1_ISR                      
0     000e0816  FSITXB2_ISR                      
1     0005f800  Flash0CtrlRegs                   
1     0005fb00  Flash0EccRegs                    
0     000142cc  Flash_initModule                 
0     0001002a  GetDatBuff                       
0     000e17e5  HALT                             
0     000e058c  I2CA_FIFO_ISR                    
0     000e0708  I2CA_HIGH_ISR                    
0     000e0582  I2CA_ISR                         
0     000e05a0  I2CB_FIFO_ISR                    
0     000e0596  I2CB_ISR                         
0     000e17dc  IDLE                             
0     000e02e4  ILLEGAL_ISR                      
0     0003b000  IPC_CPU1_To_CPU2_GetBuffer       
0     0003a000  IPC_CPU1_To_CPU2_PutBuffer       
0     000e0260  IPC_Instance                     
0     000e139a  IPC_initMessageQueue             
0     000e1320  IPC_readCommand                  
0     000e142d  IPC_readMessageFromQueue         
0     000e136a  IPC_registerInterrupt            
0     000e12c3  IPC_sendCommand                  
0     000e13e4  IPC_sendMessageToQueue           
0     000e1383  IPC_unregisterInterrupt          
0     000e1b13  InitCpuTimers                    
0     00014301  InitFlash                        
0     000e1660  InitPeripheralClocks             
0     000e1ca9  InitPieCtrl                      
0     000e1cd1  InitPieVectTable                 
0     000e164f  InitSysCtrl                      
0     000e1c2c  Interrupt_defaultHandler         
0     000e191b  Interrupt_disable                
0     000e18e4  Interrupt_enable                 
0     000e1c42  Interrupt_illegalOperationHandler
0     000e1889  Interrupt_initModule             
0     000e18c6  Interrupt_initVectorTable        
0     000e1c4c  Interrupt_nmiHandler             
0     000e050a  LINA_0_ISR                       
0     000e0514  LINA_1_ISR                       
0     000e051e  LINB_0_ISR                       
0     000e0528  LINB_1_ISR                       
0     0001008c  LastCanFdInitSetFlag             
0     0001008e  LastCanFdStartSetFlag            
0     00010082  LastTask1msTick                  
0     000e0960  MCANA_0_ISR                      
0     000e096a  MCANA_1_ISR                      
0     000e0974  MCANA_ECC_ISR                    
0     000e097e  MCANA_WAKE_ISR                   
0     000e09d8  MCANB_0_ISR                      
0     000e09e2  MCANB_1_ISR                      
0     000e09ec  MCANB_ECC_ISR                    
0     000e09f6  MCANB_WAKE_ISR                   
0     000e06e0  MPOST_ISR                        
0     000e02da  NMI_ISR                          
0     000e0a7b  NOTUSED_ISR                      
0     000e0a64  PIE_RESERVED_ISR                 
0     000e0988  PMBUSA_ISR                       
1     00000ce0  PieCtrlRegs                      
1     00000d00  PieVectTable                     
0     000e0040  PieVectTableInit                 
0     000e02c6  RTOS_ISR                         
0     000e2168  RamfuncsLoadEnd                  
abs   00000328  RamfuncsLoadSize                 
0     000e1e40  RamfuncsLoadStart                
0     00014328  RamfuncsRunEnd                   
abs   00000328  RamfuncsRunSize                  
0     00014000  RamfuncsRunStart                 
0     000e05d2  SCIA_RX_ISR                      
0     000e05dc  SCIA_TX_ISR                      
0     000e05e6  SCIB_RX_ISR                      
0     000e05f0  SCIB_TX_ISR                      
0     000e0870  SDFM1DR1_ISR                     
0     000e087a  SDFM1DR2_ISR                     
0     000e0884  SDFM1DR3_ISR                     
0     000e088e  SDFM1DR4_ISR                     
0     000e0848  SDFM1_ISR                        
0     000e08c0  SDFM2DR1_ISR                     
0     000e08ca  SDFM2DR2_ISR                     
0     000e08d4  SDFM2DR3_ISR                     
0     000e08de  SDFM2DR4_ISR                     
0     000e0852  SDFM2_ISR                        
0     000e0910  SDFM3DR1_ISR                     
0     000e091a  SDFM3DR2_ISR                     
0     000e0924  SDFM3DR3_ISR                     
0     000e092e  SDFM3DR4_ISR                     
0     000e0938  SDFM3_ISR                        
0     000e0a00  SDFM4DR1_ISR                     
0     000e0a0a  SDFM4DR2_ISR                     
0     000e0a14  SDFM4DR3_ISR                     
0     000e0a1e  SDFM4DR4_ISR                     
0     000e0942  SDFM4_ISR                        
0     000e04e2  SPIA_RX_ISR                      
0     000e04ec  SPIA_TX_ISR                      
0     000e04f6  SPIB_RX_ISR                      
0     000e0500  SPIB_TX_ISR                      
0     000e0898  SPIC_RX_ISR                      
0     000e08a2  SPIC_TX_ISR                      
0     000e08ac  SPID_RX_ISR                      
0     000e08b6  SPID_TX_ISR                      
0     000e0712  SYS_ERR_ISR                      
0     000e0f1f  ScheduleDriveInit                
0     000e175a  ServiceDog                       
0     00014324  SysCtl_delay                     
0     000e1776  SysIntOsc1Sel                    
0     000e1780  SysIntOsc2Sel                    
0     000e17c6  SysXtalOscSESel                  
0     000e17a3  SysXtalOscSel                    
0     000e0398  TIMER0_ISR                       
0     000e02a8  TIMER1_ISR                       
0     000e02b2  TIMER2_ISR                       
0     00014000  TINT0_isr                        
0     00010081  Task10msTick                     
0     00010080  Task1msTick                      
0     0001001e  Task1msTime                      
0     00010012  Task50usTime                     
0     000e0cab  TestFr_Disturbance               
0     00010094  TorqueSensorDiffAd               
0     00010090  TorqueSensorDiffAdSample         
0     00010098  TorqueSensorDiffAdSum            
0     000100a2  TorqueSensorDiffAd_pu            
0     000100a4  TorqueSensorDiffAd_pu_filter     
0     00010096  TorqueSensorSigleAd              
0     00010092  TorqueSensorSigleAdSample        
0     0001009e  TorqueSensorSigleAdSum           
0     000100a0  TorqueSensorSigleAd_pu           
0     00010083  TorqueSensorSumTick              
0     000e05aa  UARTA_ISR                        
0     000e05b4  UARTB_ISR                        
0     000e099c  USBA_ISR                         
0     000e0348  USER10_ISR                       
0     000e0352  USER11_ISR                       
0     000e035c  USER12_ISR                       
0     000e02ee  USER1_ISR                        
0     000e02f8  USER2_ISR                        
0     000e0302  USER3_ISR                        
0     000e030c  USER4_ISR                        
0     000e0316  USER5_ISR                        
0     000e0320  USER6_ISR                        
0     000e032a  USER7_ISR                        
0     000e0334  USER8_ISR                        
0     000e033e  USER9_ISR                        
0     000e03a2  WAKE_ISR                         
1     00007000  WdRegs                           
0     000e0384  XINT1_ISR                        
0     000e038e  XINT2_ISR                        
0     000e06c2  XINT3_ISR                        
0     000e06cc  XINT4_ISR                        
0     000e06d6  XINT5_ISR                        
0     000e218c  __TI_CINIT_Base                  
0     000e2194  __TI_CINIT_Limit                 
0     000e2194  __TI_CINIT_Warm                  
0     000e2182  __TI_Handler_Table_Base          
0     000e2188  __TI_Handler_Table_Limit         
0     00000800  __TI_STACK_END                   
abs   00000400  __TI_STACK_SIZE                  
0     000e1c01  __TI_auto_init_nobinit_nopinit   
0     0001006c  __TI_cleanup_ptr                 
0     000e1bd1  __TI_decompress_lzss             
0     000e1e2c  __TI_decompress_none             
0     0001006e  __TI_dtors_ptr                   
0     0001006a  __TI_enable_exit_profile_output  
abs   ffffffff  __TI_pprof_out_hndl              
abs   ffffffff  __TI_prof_data_size              
abs   ffffffff  __TI_prof_data_start             
0     000e1df6  __TI_zero_init_nomemset          
0     000e1969  __c28xabi_addd                   
0     000e1c56  __c28xabi_cmpd                   
0     000e1a05  __c28xabi_divd                   
0     000e1cf7  __c28xabi_dtof                   
0     000e1d3c  __c28xabi_dtoi                   
0     000e1d99  __c28xabi_ftod                   
0     000e1db5  __c28xabi_ltod                   
0     000e1a90  __c28xabi_mpyd                   
0     000e1de8  __c28xabi_subd                   
n/a   UNDEFED   __c_args__                       
0     000e1e0f  __relaxed_sinf                   
0     000e1e1a  __relaxed_sqrtf                  
0     00000400  __stack                          
0     000e1e03  _args_main                       
0     000e1dd1  _c_int00                         
0     00010070  _lock                            
0     000e1e2b  _nop                             
0     000e1e27  _register_lock                   
0     000e1e23  _register_unlock                 
0     000e1e3e  _system_post_cinit               
0     000e1e3c  _system_pre_init                 
0     00010072  _unlock                          
0     000e1c80  abort                            
0     000e0ee2  adrc_control                     
0     000e0c51  applyFilter                      
0     000e0c01  calculate_friction_force         
0     000e0000  code_start                       
0     0001009a  diff_torque_offset               
0     00010074  errno                            
0     000e0e4a  eso_update                       
0     000e1c82  exit                             
0     000e101b  exp                              
0     000e101b  expl                             
0     00010000  fh                               
0     000e0d12  fhan                             
0     0001000a  filter                           
0     0001000e  filter_force                     
0     000e0f15  get_test_fre                     
0     000100ac  h                                
0     000e0c1e  initFilter                       
0     0003a088  ipcCPU1ToCPU2Data                
0     0003b088  ipcCPU2ToCPU1Data                
0     00010084  is_first_torqute_init_           
0     00010085  is_sin_wave                      
0     000e0c6f  main                             
0     000e1d7c  memcpy                           
0     000e0ebe  pd_control                       
0     000e0e0c  plant_model                      
0     000100ae  r                                
0     000e0d01  sign                             
0     0001009c  single_torque_offset             
0     000e0f1a  timer_callbakc                   
0     00010087  torque_source                    
0     00010002  x11                              
0     000100a8  x11_pre                          
0     00010004  x22                              
0     000100aa  x22_pre                          
0     00010006  xx11                             
0     00010008  xx22                             


GLOBAL SYMBOLS: SORTED BY Symbol Address 

page  address   name                             
----  -------   ----                             
0     00000400  __stack                          
0     00000800  __TI_STACK_END                   
0     00010000  fh                               
0     00010002  x11                              
0     00010004  x22                              
0     00010006  xx11                             
0     00010008  xx22                             
0     0001000a  filter                           
0     0001000e  filter_force                     
0     00010012  Task50usTime                     
0     0001001e  Task1msTime                      
0     0001002a  GetDatBuff                       
0     00010052  CpuTimer0                        
0     0001005a  CpuTimer1                        
0     00010062  CpuTimer2                        
0     0001006a  __TI_enable_exit_profile_output  
0     0001006c  __TI_cleanup_ptr                 
0     0001006e  __TI_dtors_ptr                   
0     00010070  _lock                            
0     00010072  _unlock                          
0     00010074  errno                            
0     00010080  Task1msTick                      
0     00010081  Task10msTick                     
0     00010082  LastTask1msTick                  
0     00010083  TorqueSensorSumTick              
0     00010084  is_first_torqute_init_           
0     00010085  is_sin_wave                      
0     00010087  torque_source                    
0     0001008c  LastCanFdInitSetFlag             
0     0001008e  LastCanFdStartSetFlag            
0     00010090  TorqueSensorDiffAdSample         
0     00010092  TorqueSensorSigleAdSample        
0     00010094  TorqueSensorDiffAd               
0     00010096  TorqueSensorSigleAd              
0     00010098  TorqueSensorDiffAdSum            
0     0001009a  diff_torque_offset               
0     0001009c  single_torque_offset             
0     0001009e  TorqueSensorSigleAdSum           
0     000100a0  TorqueSensorSigleAd_pu           
0     000100a2  TorqueSensorDiffAd_pu            
0     000100a4  TorqueSensorDiffAd_pu_filter     
0     000100a8  x11_pre                          
0     000100aa  x22_pre                          
0     000100ac  h                                
0     000100ae  r                                
0     00014000  RamfuncsRunStart                 
0     00014000  TINT0_isr                        
0     0001404f  CIPC1_INT_isr                    
0     000142cc  Flash_initModule                 
0     00014301  InitFlash                        
0     00014320  F28x_usDelay                     
0     00014324  SysCtl_delay                     
0     00014328  RamfuncsRunEnd                   
0     0003a000  IPC_CPU1_To_CPU2_PutBuffer       
0     0003a088  ipcCPU1ToCPU2Data                
0     0003b000  IPC_CPU1_To_CPU2_GetBuffer       
0     0003b088  ipcCPU2ToCPU1Data                
0     000e0000  code_start                       
0     000e0040  PieVectTableInit                 
0     000e0260  IPC_Instance                     
0     000e02a8  TIMER1_ISR                       
0     000e02b2  TIMER2_ISR                       
0     000e02bc  DATALOG_ISR                      
0     000e02c6  RTOS_ISR                         
0     000e02d0  EMU_ISR                          
0     000e02da  NMI_ISR                          
0     000e02e4  ILLEGAL_ISR                      
0     000e02ee  USER1_ISR                        
0     000e02f8  USER2_ISR                        
0     000e0302  USER3_ISR                        
0     000e030c  USER4_ISR                        
0     000e0316  USER5_ISR                        
0     000e0320  USER6_ISR                        
0     000e032a  USER7_ISR                        
0     000e0334  USER8_ISR                        
0     000e033e  USER9_ISR                        
0     000e0348  USER10_ISR                       
0     000e0352  USER11_ISR                       
0     000e035c  USER12_ISR                       
0     000e0366  ADCA1_ISR                        
0     000e0370  ADCB1_ISR                        
0     000e037a  ADCC1_ISR                        
0     000e0384  XINT1_ISR                        
0     000e038e  XINT2_ISR                        
0     000e0398  TIMER0_ISR                       
0     000e03a2  WAKE_ISR                         
0     000e03ac  EPWM1_TZ_ISR                     
0     000e03b6  EPWM2_TZ_ISR                     
0     000e03c0  EPWM3_TZ_ISR                     
0     000e03ca  EPWM4_TZ_ISR                     
0     000e03d4  EPWM5_TZ_ISR                     
0     000e03de  EPWM6_TZ_ISR                     
0     000e03e8  EPWM7_TZ_ISR                     
0     000e03f2  EPWM8_TZ_ISR                     
0     000e03fc  EPWM1_ISR                        
0     000e0406  EPWM2_ISR                        
0     000e0410  EPWM3_ISR                        
0     000e041a  EPWM4_ISR                        
0     000e0424  EPWM5_ISR                        
0     000e042e  EPWM6_ISR                        
0     000e0438  EPWM7_ISR                        
0     000e0442  EPWM8_ISR                        
0     000e044c  ECAP1_ISR                        
0     000e0456  ECAP2_ISR                        
0     000e0460  ECAP3_ISR                        
0     000e046a  ECAP4_ISR                        
0     000e0474  ECAP5_ISR                        
0     000e047e  ECAP6_ISR                        
0     000e0488  ECAP7_ISR                        
0     000e0492  EQEP1_ISR                        
0     000e049c  EQEP2_ISR                        
0     000e04a6  EQEP3_ISR                        
0     000e04b0  EQEP4_ISR                        
0     000e04ba  CLB1_ISR                         
0     000e04c4  CLB2_ISR                         
0     000e04ce  CLB3_ISR                         
0     000e04d8  CLB4_ISR                         
0     000e04e2  SPIA_RX_ISR                      
0     000e04ec  SPIA_TX_ISR                      
0     000e04f6  SPIB_RX_ISR                      
0     000e0500  SPIB_TX_ISR                      
0     000e050a  LINA_0_ISR                       
0     000e0514  LINA_1_ISR                       
0     000e051e  LINB_0_ISR                       
0     000e0528  LINB_1_ISR                       
0     000e0532  DMA_CH1_ISR                      
0     000e053c  DMA_CH2_ISR                      
0     000e0546  DMA_CH3_ISR                      
0     000e0550  DMA_CH4_ISR                      
0     000e055a  DMA_CH5_ISR                      
0     000e0564  DMA_CH6_ISR                      
0     000e056e  EQEP5_ISR                        
0     000e0578  EQEP6_ISR                        
0     000e0582  I2CA_ISR                         
0     000e058c  I2CA_FIFO_ISR                    
0     000e0596  I2CB_ISR                         
0     000e05a0  I2CB_FIFO_ISR                    
0     000e05aa  UARTA_ISR                        
0     000e05b4  UARTB_ISR                        
0     000e05be  EPWM17_TZ_ISR                    
0     000e05c8  EPWM18_TZ_ISR                    
0     000e05d2  SCIA_RX_ISR                      
0     000e05dc  SCIA_TX_ISR                      
0     000e05e6  SCIB_RX_ISR                      
0     000e05f0  SCIB_TX_ISR                      
0     000e05fa  CANA0_ISR                        
0     000e0604  CANA1_ISR                        
0     000e060e  EPWM17_ISR                       
0     000e0618  EPWM18_ISR                       
0     000e0622  ADCA_EVT_ISR                     
0     000e062c  ADCA2_ISR                        
0     000e0636  ADCA3_ISR                        
0     000e0640  ADCA4_ISR                        
0     000e064a  ADCB_EVT_ISR                     
0     000e0654  ADCB2_ISR                        
0     000e065e  ADCB3_ISR                        
0     000e0668  ADCB4_ISR                        
0     000e0672  CLA1_1_ISR                       
0     000e067c  CLA1_2_ISR                       
0     000e0686  CLA1_3_ISR                       
0     000e0690  CLA1_4_ISR                       
0     000e069a  CLA1_5_ISR                       
0     000e06a4  CLA1_6_ISR                       
0     000e06ae  CLA1_7_ISR                       
0     000e06b8  CLA1_8_ISR                       
0     000e06c2  XINT3_ISR                        
0     000e06cc  XINT4_ISR                        
0     000e06d6  XINT5_ISR                        
0     000e06e0  MPOST_ISR                        
0     000e06ea  FLSS_ISR                         
0     000e06f4  FPU_OVERFLOW_ISR                 
0     000e06fe  FPU_UNDERFLOW_ISR                
0     000e0708  I2CA_HIGH_ISR                    
0     000e0712  SYS_ERR_ISR                      
0     000e071c  ECATSYNC0_ISR                    
0     000e0726  ECAT_ISR                         
0     000e0730  CIPC0_ISR                        
0     000e073a  CIPC1_ISR                        
0     000e0744  CIPC2_ISR                        
0     000e074e  CIPC3_ISR                        
0     000e0758  EPWM9_TZ_ISR                     
0     000e0762  EPWM10_TZ_ISR                    
0     000e076c  EPWM11_TZ_ISR                    
0     000e0776  EPWM12_TZ_ISR                    
0     000e0780  EPWM13_TZ_ISR                    
0     000e078a  EPWM14_TZ_ISR                    
0     000e0794  EPWM15_TZ_ISR                    
0     000e079e  EPWM16_TZ_ISR                    
0     000e07a8  EPWM9_ISR                        
0     000e07b2  EPWM10_ISR                       
0     000e07bc  EPWM11_ISR                       
0     000e07c6  EPWM12_ISR                       
0     000e07d0  EPWM13_ISR                       
0     000e07da  EPWM14_ISR                       
0     000e07e4  EPWM15_ISR                       
0     000e07ee  EPWM16_ISR                       
0     000e07f8  FSITXA1_ISR                      
0     000e0802  FSITXA2_ISR                      
0     000e080c  FSITXB1_ISR                      
0     000e0816  FSITXB2_ISR                      
0     000e0820  FSIRXA1_ISR                      
0     000e082a  FSIRXA2_ISR                      
0     000e0834  FSIRXB1_ISR                      
0     000e083e  FSIRXB2_ISR                      
0     000e0848  SDFM1_ISR                        
0     000e0852  SDFM2_ISR                        
0     000e085c  ECATRST_ISR                      
0     000e0866  ECATSYNC1_ISR                    
0     000e0870  SDFM1DR1_ISR                     
0     000e087a  SDFM1DR2_ISR                     
0     000e0884  SDFM1DR3_ISR                     
0     000e088e  SDFM1DR4_ISR                     
0     000e0898  SPIC_RX_ISR                      
0     000e08a2  SPIC_TX_ISR                      
0     000e08ac  SPID_RX_ISR                      
0     000e08b6  SPID_TX_ISR                      
0     000e08c0  SDFM2DR1_ISR                     
0     000e08ca  SDFM2DR2_ISR                     
0     000e08d4  SDFM2DR3_ISR                     
0     000e08de  SDFM2DR4_ISR                     
0     000e08e8  FSIRXC1_ISR                      
0     000e08f2  FSIRXC2_ISR                      
0     000e08fc  FSIRXD1_ISR                      
0     000e0906  FSIRXD2_ISR                      
0     000e0910  SDFM3DR1_ISR                     
0     000e091a  SDFM3DR2_ISR                     
0     000e0924  SDFM3DR3_ISR                     
0     000e092e  SDFM3DR4_ISR                     
0     000e0938  SDFM3_ISR                        
0     000e0942  SDFM4_ISR                        
0     000e094c  CLB5_ISR                         
0     000e0956  CLB6_ISR                         
0     000e0960  MCANA_0_ISR                      
0     000e096a  MCANA_1_ISR                      
0     000e0974  MCANA_ECC_ISR                    
0     000e097e  MCANA_WAKE_ISR                   
0     000e0988  PMBUSA_ISR                       
0     000e0992  AES_SINTREQUEST_ISR              
0     000e099c  USBA_ISR                         
0     000e09a6  ADCC_EVT_ISR                     
0     000e09b0  ADCC2_ISR                        
0     000e09ba  ADCC3_ISR                        
0     000e09c4  ADCC4_ISR                        
0     000e09ce  ADCCHECKINT_ISR                  
0     000e09d8  MCANB_0_ISR                      
0     000e09e2  MCANB_1_ISR                      
0     000e09ec  MCANB_ECC_ISR                    
0     000e09f6  MCANB_WAKE_ISR                   
0     000e0a00  SDFM4DR1_ISR                     
0     000e0a0a  SDFM4DR2_ISR                     
0     000e0a14  SDFM4DR3_ISR                     
0     000e0a1e  SDFM4DR4_ISR                     
0     000e0a28  ECAP6_2_ISR                      
0     000e0a32  ECAP7_2_ISR                      
0     000e0a3c  CPUCRC_ISR                       
0     000e0a46  CLA1CRC_ISR                      
0     000e0a50  CLA_OVERFLOW_ISR                 
0     000e0a5a  CLA_UNDERFLOW_ISR                
0     000e0a64  PIE_RESERVED_ISR                 
0     000e0a6e  EMPTY_ISR                        
0     000e0a7b  NOTUSED_ISR                      
0     000e0c01  calculate_friction_force         
0     000e0c1e  initFilter                       
0     000e0c51  applyFilter                      
0     000e0c6f  main                             
0     000e0cab  TestFr_Disturbance               
0     000e0d01  sign                             
0     000e0d12  fhan                             
0     000e0dc3  DifferentiateDiscreteSignal      
0     000e0e0c  plant_model                      
0     000e0e4a  eso_update                       
0     000e0ebe  pd_control                       
0     000e0ee2  adrc_control                     
0     000e0f15  get_test_fre                     
0     000e0f1a  timer_callbakc                   
0     000e0f1f  ScheduleDriveInit                
0     000e0f67  BaseBoardInit                    
0     000e0fa4  ADCB_init                        
0     000e101b  exp                              
0     000e101b  expl                             
0     000e12c3  IPC_sendCommand                  
0     000e1320  IPC_readCommand                  
0     000e136a  IPC_registerInterrupt            
0     000e1383  IPC_unregisterInterrupt          
0     000e139a  IPC_initMessageQueue             
0     000e13e4  IPC_sendMessageToQueue           
0     000e142d  IPC_readMessageFromQueue         
0     000e14bf  ADC_setupSOCRefloChannel         
0     000e1537  ADC_setMode                      
0     000e154b  ADC_setINLTrim                   
0     000e15a6  ADC_setOffsetTrim                
0     000e15ae  ADC_setVREF                      
0     000e15c8  ADC_setPPBTripLimits             
0     000e15fe  ADC_configureRepeater            
0     000e164f  InitSysCtrl                      
0     000e1660  InitPeripheralClocks             
0     000e173a  DisablePeripheralClocks          
0     000e175a  ServiceDog                       
0     000e1768  DisableDog                       
0     000e1776  SysIntOsc1Sel                    
0     000e1780  SysIntOsc2Sel                    
0     000e17a3  SysXtalOscSel                    
0     000e17c6  SysXtalOscSESel                  
0     000e17dc  IDLE                             
0     000e17e5  HALT                             
0     000e1889  Interrupt_initModule             
0     000e18c6  Interrupt_initVectorTable        
0     000e18e4  Interrupt_enable                 
0     000e191b  Interrupt_disable                
0     000e1969  __c28xabi_addd                   
0     000e1a05  __c28xabi_divd                   
0     000e1a90  __c28xabi_mpyd                   
0     000e1b13  InitCpuTimers                    
0     000e1b54  ConfigCpuTimer                   
0     000e1b8f  CycleLoadTimerCalcEnd            
0     000e1bd1  __TI_decompress_lzss             
0     000e1c01  __TI_auto_init_nobinit_nopinit   
0     000e1c2c  Interrupt_defaultHandler         
0     000e1c42  Interrupt_illegalOperationHandler
0     000e1c4c  Interrupt_nmiHandler             
0     000e1c56  __c28xabi_cmpd                   
0     000e1c80  C$$EXIT                          
0     000e1c80  abort                            
0     000e1c82  exit                             
0     000e1ca9  InitPieCtrl                      
0     000e1cc8  EnableInterrupts                 
0     000e1cd1  InitPieVectTable                 
0     000e1cf7  __c28xabi_dtof                   
0     000e1d1a  CycleLoadTimerCalcBegin          
0     000e1d3c  __c28xabi_dtoi                   
0     000e1d7c  memcpy                           
0     000e1d99  __c28xabi_ftod                   
0     000e1db5  __c28xabi_ltod                   
0     000e1dd1  _c_int00                         
0     000e1de8  __c28xabi_subd                   
0     000e1df6  __TI_zero_init_nomemset          
0     000e1e03  _args_main                       
0     000e1e0f  __relaxed_sinf                   
0     000e1e1a  __relaxed_sqrtf                  
0     000e1e23  _register_unlock                 
0     000e1e27  _register_lock                   
0     000e1e2b  _nop                             
0     000e1e2c  __TI_decompress_none             
0     000e1e3c  _system_pre_init                 
0     000e1e3e  _system_post_cinit               
0     000e1e40  RamfuncsLoadStart                
0     000e2168  RamfuncsLoadEnd                  
0     000e2182  __TI_Handler_Table_Base          
0     000e2188  __TI_Handler_Table_Limit         
0     000e218c  __TI_CINIT_Base                  
0     000e2194  __TI_CINIT_Limit                 
0     000e2194  __TI_CINIT_Warm                  
1     00000a80  AdcbResultRegs                   
1     00000c00  CpuTimer0Regs                    
1     00000c08  CpuTimer1Regs                    
1     00000c10  CpuTimer2Regs                    
1     00000ce0  PieCtrlRegs                      
1     00000d00  PieVectTable                     
1     00007000  WdRegs                           
1     0005d200  ClkCfgRegs                       
1     0005d300  CpuSysRegs                       
1     0005f800  Flash0CtrlRegs                   
1     0005fb00  Flash0EccRegs                    
abs   00000328  RamfuncsLoadSize                 
abs   00000328  RamfuncsRunSize                  
abs   00000400  __TI_STACK_SIZE                  
abs   ffffffff  __TI_pprof_out_hndl              
abs   ffffffff  __TI_prof_data_size              
abs   ffffffff  __TI_prof_data_start             
n/a   UNDEFED   __c_args__                       

[370 symbols]
